python-tests	Set up job	﻿2026-05-28T18:51:33.6513599Z Current runner version: '2.334.0'
python-tests	Set up job	2026-05-28T18:51:33.6542275Z ##[group]Runner Image Provisioner
python-tests	Set up job	2026-05-28T18:51:33.6543134Z Hosted Compute Agent
python-tests	Set up job	2026-05-28T18:51:33.6543858Z Version: 20260520.533
python-tests	Set up job	2026-05-28T18:51:33.6544582Z Commit: 189110e25284a9812c124fd27b339e2fb4f2f9db
python-tests	Set up job	2026-05-28T18:51:33.6545382Z Build Date: 2026-05-20T17:44:04Z
python-tests	Set up job	2026-05-28T18:51:33.6546091Z Worker ID: {11535a69-2983-43f6-a7d7-12f49197afc3}
python-tests	Set up job	2026-05-28T18:51:33.6546884Z Azure Region: eastus2
python-tests	Set up job	2026-05-28T18:51:33.6547555Z ##[endgroup]
python-tests	Set up job	2026-05-28T18:51:33.6548932Z ##[group]Operating System
python-tests	Set up job	2026-05-28T18:51:33.6549631Z Ubuntu
python-tests	Set up job	2026-05-28T18:51:33.6550457Z 24.04.4
python-tests	Set up job	2026-05-28T18:51:33.6551077Z LTS
python-tests	Set up job	2026-05-28T18:51:33.6551672Z ##[endgroup]
python-tests	Set up job	2026-05-28T18:51:33.6552287Z ##[group]Runner Image
python-tests	Set up job	2026-05-28T18:51:33.6552897Z Image: ubuntu-24.04
python-tests	Set up job	2026-05-28T18:51:33.6553578Z Version: 20260525.161.1
python-tests	Set up job	2026-05-28T18:51:33.6554677Z Included Software: https://github.com/actions/runner-images/blob/ubuntu24/20260525.161/images/ubuntu/Ubuntu2404-Readme.md
python-tests	Set up job	2026-05-28T18:51:33.6556514Z Image Release: https://github.com/actions/runner-images/releases/tag/ubuntu24%2F20260525.161
python-tests	Set up job	2026-05-28T18:51:33.6557496Z ##[endgroup]
python-tests	Set up job	2026-05-28T18:51:33.6558825Z ##[group]GITHUB_TOKEN Permissions
python-tests	Set up job	2026-05-28T18:51:33.6561326Z Contents: read
python-tests	Set up job	2026-05-28T18:51:33.6562115Z Metadata: read
python-tests	Set up job	2026-05-28T18:51:33.6562713Z Packages: read
python-tests	Set up job	2026-05-28T18:51:33.6563400Z ##[endgroup]
python-tests	Set up job	2026-05-28T18:51:33.6565569Z Secret source: Actions
python-tests	Set up job	2026-05-28T18:51:33.6566320Z Prepare workflow directory
python-tests	Set up job	2026-05-28T18:51:33.6890659Z Prepare all required actions
python-tests	Set up job	2026-05-28T18:51:33.6927199Z Getting action download info
python-tests	Set up job	2026-05-28T18:51:34.0496862Z Download action repository 'actions/checkout@v4' (SHA:34e114876b0b11c390a56381ad16ebd13914f8d5)
python-tests	Set up job	2026-05-28T18:51:34.1749092Z Download action repository 'astral-sh/setup-uv@v3' (SHA:caf0cab7a618c569241d31dcd442f54681755d39)
python-tests	Set up job	2026-05-28T18:51:34.5286220Z Complete job name: python-tests
python-tests	Run actions/checkout@v4	﻿2026-05-28T18:51:34.5979611Z ##[group]Run actions/checkout@v4
python-tests	Run actions/checkout@v4	2026-05-28T18:51:34.5980635Z with:
python-tests	Run actions/checkout@v4	2026-05-28T18:51:34.5981173Z   repository: kangkabseok2021/cross_platform_signal
python-tests	Run actions/checkout@v4	2026-05-28T18:51:34.5985613Z   token: ***
python-tests	Run actions/checkout@v4	2026-05-28T18:51:34.5986057Z   ssh-strict: true
python-tests	Run actions/checkout@v4	2026-05-28T18:51:34.5986510Z   ssh-user: git
python-tests	Run actions/checkout@v4	2026-05-28T18:51:34.5986966Z   persist-credentials: true
python-tests	Run actions/checkout@v4	2026-05-28T18:51:34.5987469Z   clean: true
python-tests	Run actions/checkout@v4	2026-05-28T18:51:34.5987921Z   sparse-checkout-cone-mode: true
python-tests	Run actions/checkout@v4	2026-05-28T18:51:34.5988443Z   fetch-depth: 1
python-tests	Run actions/checkout@v4	2026-05-28T18:51:34.5988880Z   fetch-tags: false
python-tests	Run actions/checkout@v4	2026-05-28T18:51:34.5989328Z   show-progress: true
python-tests	Run actions/checkout@v4	2026-05-28T18:51:34.5989773Z   lfs: false
python-tests	Run actions/checkout@v4	2026-05-28T18:51:34.5990187Z   submodules: false
python-tests	Run actions/checkout@v4	2026-05-28T18:51:34.5990757Z   set-safe-directory: true
python-tests	Run actions/checkout@v4	2026-05-28T18:51:34.5991474Z ##[endgroup]
python-tests	Run actions/checkout@v4	2026-05-28T18:51:34.7202411Z Syncing repository: kangkabseok2021/cross_platform_signal
python-tests	Run actions/checkout@v4	2026-05-28T18:51:34.7204292Z ##[group]Getting Git version info
python-tests	Run actions/checkout@v4	2026-05-28T18:51:34.7205130Z Working directory is '/home/runner/work/cross_platform_signal/cross_platform_signal'
python-tests	Run actions/checkout@v4	2026-05-28T18:51:34.7206387Z [command]/usr/bin/git version
python-tests	Run actions/checkout@v4	2026-05-28T18:51:34.7278475Z git version 2.54.0
python-tests	Run actions/checkout@v4	2026-05-28T18:51:34.7304562Z ##[endgroup]
python-tests	Run actions/checkout@v4	2026-05-28T18:51:34.7321038Z Temporarily overriding HOME='/home/runner/work/_temp/8f92abcf-fd70-4a86-b529-165939a8b5b4' before making global git config changes
python-tests	Run actions/checkout@v4	2026-05-28T18:51:34.7323301Z Adding repository directory to the temporary git global config as a safe directory
python-tests	Run actions/checkout@v4	2026-05-28T18:51:34.7337962Z [command]/usr/bin/git config --global --add safe.directory /home/runner/work/cross_platform_signal/cross_platform_signal
python-tests	Run actions/checkout@v4	2026-05-28T18:51:34.7383183Z Deleting the contents of '/home/runner/work/cross_platform_signal/cross_platform_signal'
python-tests	Run actions/checkout@v4	2026-05-28T18:51:34.7386976Z ##[group]Initializing the repository
python-tests	Run actions/checkout@v4	2026-05-28T18:51:34.7392322Z [command]/usr/bin/git init /home/runner/work/cross_platform_signal/cross_platform_signal
python-tests	Run actions/checkout@v4	2026-05-28T18:51:34.7463621Z hint: Using 'master' as the name for the initial branch. This default branch name
python-tests	Run actions/checkout@v4	2026-05-28T18:51:34.7464707Z hint: will change to "main" in Git 3.0. To configure the initial branch name
python-tests	Run actions/checkout@v4	2026-05-28T18:51:34.7465931Z hint: to use in all of your new repositories, which will suppress this warning,
python-tests	Run actions/checkout@v4	2026-05-28T18:51:34.7466788Z hint: call:
python-tests	Run actions/checkout@v4	2026-05-28T18:51:34.7467386Z hint:
python-tests	Run actions/checkout@v4	2026-05-28T18:51:34.7468136Z hint: 	git config --global init.defaultBranch <name>
python-tests	Run actions/checkout@v4	2026-05-28T18:51:34.7468949Z hint:
python-tests	Run actions/checkout@v4	2026-05-28T18:51:34.7469537Z hint: Names commonly chosen instead of 'master' are 'main', 'trunk' and
python-tests	Run actions/checkout@v4	2026-05-28T18:51:34.7470708Z hint: 'development'. The just-created branch can be renamed via this command:
python-tests	Run actions/checkout@v4	2026-05-28T18:51:34.7471453Z hint:
python-tests	Run actions/checkout@v4	2026-05-28T18:51:34.7471882Z hint: 	git branch -m <name>
python-tests	Run actions/checkout@v4	2026-05-28T18:51:34.7472522Z hint:
python-tests	Run actions/checkout@v4	2026-05-28T18:51:34.7473155Z hint: Disable this message with "git config set advice.defaultBranchName false"
python-tests	Run actions/checkout@v4	2026-05-28T18:51:34.7474307Z Initialized empty Git repository in /home/runner/work/cross_platform_signal/cross_platform_signal/.git/
python-tests	Run actions/checkout@v4	2026-05-28T18:51:34.7478868Z [command]/usr/bin/git remote add origin https://github.com/kangkabseok2021/cross_platform_signal
python-tests	Run actions/checkout@v4	2026-05-28T18:51:34.7524215Z ##[endgroup]
python-tests	Run actions/checkout@v4	2026-05-28T18:51:34.7525027Z ##[group]Disabling automatic garbage collection
python-tests	Run actions/checkout@v4	2026-05-28T18:51:34.7528127Z [command]/usr/bin/git config --local gc.auto 0
python-tests	Run actions/checkout@v4	2026-05-28T18:51:34.7558485Z ##[endgroup]
python-tests	Run actions/checkout@v4	2026-05-28T18:51:34.7559614Z ##[group]Setting up auth
python-tests	Run actions/checkout@v4	2026-05-28T18:51:34.7566160Z [command]/usr/bin/git config --local --name-only --get-regexp core\.sshCommand
python-tests	Run actions/checkout@v4	2026-05-28T18:51:34.7600073Z [command]/usr/bin/git submodule foreach --recursive sh -c "git config --local --name-only --get-regexp 'core\.sshCommand' && git config --local --unset-all 'core.sshCommand' || :"
python-tests	Run actions/checkout@v4	2026-05-28T18:51:34.7902192Z [command]/usr/bin/git config --local --name-only --get-regexp http\.https\:\/\/github\.com\/\.extraheader
python-tests	Run actions/checkout@v4	2026-05-28T18:51:34.7934303Z [command]/usr/bin/git submodule foreach --recursive sh -c "git config --local --name-only --get-regexp 'http\.https\:\/\/github\.com\/\.extraheader' && git config --local --unset-all 'http.https://github.com/.extraheader' || :"
python-tests	Run actions/checkout@v4	2026-05-28T18:51:34.8164917Z [command]/usr/bin/git config --local --name-only --get-regexp ^includeIf\.gitdir:
python-tests	Run actions/checkout@v4	2026-05-28T18:51:34.8204601Z [command]/usr/bin/git submodule foreach --recursive git config --local --show-origin --name-only --get-regexp remote.origin.url
python-tests	Run actions/checkout@v4	2026-05-28T18:51:34.8435753Z [command]/usr/bin/git config --local http.https://github.com/.extraheader AUTHORIZATION: basic ***
python-tests	Run actions/checkout@v4	2026-05-28T18:51:34.8471576Z ##[endgroup]
python-tests	Run actions/checkout@v4	2026-05-28T18:51:34.8472414Z ##[group]Fetching the repository
python-tests	Run actions/checkout@v4	2026-05-28T18:51:34.8479462Z [command]/usr/bin/git -c protocol.version=2 fetch --no-tags --prune --no-recurse-submodules --depth=1 origin +624ad80cdc8fd75d3dd2dcd99ab8330e88b10667:refs/remotes/origin/main
python-tests	Run actions/checkout@v4	2026-05-28T18:51:35.1695785Z From https://github.com/kangkabseok2021/cross_platform_signal
python-tests	Run actions/checkout@v4	2026-05-28T18:51:35.1697987Z  * [new ref]         624ad80cdc8fd75d3dd2dcd99ab8330e88b10667 -> origin/main
python-tests	Run actions/checkout@v4	2026-05-28T18:51:35.1732300Z ##[endgroup]
python-tests	Run actions/checkout@v4	2026-05-28T18:51:35.1733829Z ##[group]Determining the checkout info
python-tests	Run actions/checkout@v4	2026-05-28T18:51:35.1735547Z ##[endgroup]
python-tests	Run actions/checkout@v4	2026-05-28T18:51:35.1739685Z [command]/usr/bin/git sparse-checkout disable
python-tests	Run actions/checkout@v4	2026-05-28T18:51:35.1786914Z [command]/usr/bin/git config --local --unset-all extensions.worktreeConfig
python-tests	Run actions/checkout@v4	2026-05-28T18:51:35.1818745Z ##[group]Checking out the ref
python-tests	Run actions/checkout@v4	2026-05-28T18:51:35.1822223Z [command]/usr/bin/git checkout --progress --force -B main refs/remotes/origin/main
python-tests	Run actions/checkout@v4	2026-05-28T18:51:35.2278092Z Switched to a new branch 'main'
python-tests	Run actions/checkout@v4	2026-05-28T18:51:35.2279479Z branch 'main' set up to track 'origin/main'.
python-tests	Run actions/checkout@v4	2026-05-28T18:51:35.2288701Z ##[endgroup]
python-tests	Run actions/checkout@v4	2026-05-28T18:51:35.2331189Z [command]/usr/bin/git log -1 --format=%H
python-tests	Run actions/checkout@v4	2026-05-28T18:51:35.2354609Z 624ad80cdc8fd75d3dd2dcd99ab8330e88b10667
python-tests	Run astral-sh/setup-uv@v3	﻿2026-05-28T18:51:35.2654273Z ##[group]Run astral-sh/setup-uv@v3
python-tests	Run astral-sh/setup-uv@v3	2026-05-28T18:51:35.2655492Z with:
python-tests	Run astral-sh/setup-uv@v3	2026-05-28T18:51:35.2656419Z   version: latest
python-tests	Run astral-sh/setup-uv@v3	2026-05-28T18:51:35.2666015Z   github-token: ***
python-tests	Run astral-sh/setup-uv@v3	2026-05-28T18:51:35.2667032Z   enable-cache: false
python-tests	Run astral-sh/setup-uv@v3	2026-05-28T18:51:35.2668109Z   cache-dependency-glob: **/uv.lock
python-tests	Run astral-sh/setup-uv@v3	2026-05-28T18:51:35.2669271Z   prune-cache: true
python-tests	Run astral-sh/setup-uv@v3	2026-05-28T18:51:35.2670600Z ##[endgroup]
python-tests	Run astral-sh/setup-uv@v3	2026-05-28T18:51:35.4344571Z Downloading uv from "https://github.com/astral-sh/uv/releases/latest/download/uv-x86_64-unknown-linux-gnu.tar.gz" ...
python-tests	Run astral-sh/setup-uv@v3	2026-05-28T18:51:35.8216608Z [command]/usr/bin/tar xz --warning=no-unknown-keyword --overwrite -C /home/runner/work/_temp/5e87827c-1661-42ec-95e6-d1c6002d52bd -f /home/runner/work/_temp/b510b067-6e2e-4921-93b4-7c1f9fc5092a
python-tests	Run astral-sh/setup-uv@v3	2026-05-28T18:51:36.3188821Z Added /opt/hostedtoolcache/uv/0.11.16/x86_64 to the path
python-tests	Run astral-sh/setup-uv@v3	2026-05-28T18:51:36.3190962Z Added /home/runner/.local/bin to the path
python-tests	Run astral-sh/setup-uv@v3	2026-05-28T18:51:36.3195388Z Successfully installed uv version 0.11.16
python-tests	Run astral-sh/setup-uv@v3	2026-05-28T18:51:36.3229964Z Set UV_CACHE_DIR to /home/runner/work/_temp/setup-uv-cache
python-tests	Install Python deps	﻿2026-05-28T18:51:36.3359091Z ##[group]Run uv sync --frozen
python-tests	Install Python deps	2026-05-28T18:51:36.3359532Z ^[[36;1muv sync --frozen^[[0m
python-tests	Install Python deps	2026-05-28T18:51:36.3393751Z shell: /usr/bin/bash -e {0}
python-tests	Install Python deps	2026-05-28T18:51:36.3394072Z env:
python-tests	Install Python deps	2026-05-28T18:51:36.3394342Z   UV_CACHE_DIR: /home/runner/work/_temp/setup-uv-cache
python-tests	Install Python deps	2026-05-28T18:51:36.3394695Z ##[endgroup]
python-tests	Install Python deps	2026-05-28T18:51:36.5486179Z Downloading cpython-3.14.5-linux-x86_64-gnu (download) (34.3MiB)
python-tests	Install Python deps	2026-05-28T18:51:37.4044392Z  Downloaded cpython-3.14.5-linux-x86_64-gnu (download)
python-tests	Install Python deps	2026-05-28T18:51:37.5754736Z Using CPython 3.14.5
python-tests	Install Python deps	2026-05-28T18:51:37.6011858Z Creating virtual environment at: .venv
python-tests	Install Python deps	2026-05-28T18:51:37.6012327Z Downloading pygments (1.2MiB)
python-tests	Install Python deps	2026-05-28T18:51:37.6100465Z Downloading scipy (33.6MiB)
python-tests	Install Python deps	2026-05-28T18:51:37.6219754Z Downloading numpy (15.9MiB)
python-tests	Install Python deps	2026-05-28T18:51:37.7752772Z  Downloaded pygments
python-tests	Install Python deps	2026-05-28T18:51:38.0645086Z  Downloaded numpy
python-tests	Install Python deps	2026-05-28T18:51:38.3378293Z  Downloaded scipy
python-tests	Install Python deps	2026-05-28T18:51:38.3380605Z Prepared 7 packages in 760ms
python-tests	Install Python deps	2026-05-28T18:51:38.3696253Z Installed 7 packages in 30ms
python-tests	Install Python deps	2026-05-28T18:51:38.3696859Z  + iniconfig==2.3.0
python-tests	Install Python deps	2026-05-28T18:51:38.3697433Z  + numpy==2.4.5
python-tests	Install Python deps	2026-05-28T18:51:38.3731061Z  + packaging==26.2
python-tests	Install Python deps	2026-05-28T18:51:38.3731818Z  + pluggy==1.6.0
python-tests	Install Python deps	2026-05-28T18:51:38.3732426Z  + pygments==2.20.0
python-tests	Install Python deps	2026-05-28T18:51:38.3732949Z  + pytest==9.0.3
python-tests	Install Python deps	2026-05-28T18:51:38.3733288Z  + scipy==1.17.1
python-tests	Run pytest	﻿2026-05-28T18:51:38.3775677Z ##[group]Run uv run pytest tools/test_tools.py -v
python-tests	Run pytest	2026-05-28T18:51:38.3776106Z ^[[36;1muv run pytest tools/test_tools.py -v^[[0m
python-tests	Run pytest	2026-05-28T18:51:38.3804884Z shell: /usr/bin/bash -e {0}
python-tests	Run pytest	2026-05-28T18:51:38.3805161Z env:
python-tests	Run pytest	2026-05-28T18:51:38.3805421Z   UV_CACHE_DIR: /home/runner/work/_temp/setup-uv-cache
python-tests	Run pytest	2026-05-28T18:51:38.3805750Z ##[endgroup]
python-tests	Run pytest	2026-05-28T18:51:39.4359277Z ============================= test session starts ==============================
python-tests	Run pytest	2026-05-28T18:51:39.4360173Z platform linux -- Python 3.14.5, pytest-9.0.3, pluggy-1.6.0 -- /home/runner/work/cross_platform_signal/cross_platform_signal/.venv/bin/python
python-tests	Run pytest	2026-05-28T18:51:39.4361148Z cachedir: .pytest_cache
python-tests	Run pytest	2026-05-28T18:51:39.4361500Z rootdir: /home/runner/work/cross_platform_signal/cross_platform_signal
python-tests	Run pytest	2026-05-28T18:51:39.4361893Z configfile: pyproject.toml
python-tests	Run pytest	2026-05-28T18:51:39.6815820Z collecting ... collected 5 items
python-tests	Run pytest	2026-05-28T18:51:39.6816442Z 
python-tests	Run pytest	2026-05-28T18:51:40.2639615Z tools/test_tools.py::test_csv_has_correct_line_count PASSED              [ 20%]
python-tests	Run pytest	2026-05-28T18:51:40.5259992Z tools/test_tools.py::test_reference_json_has_required_keys PASSED        [ 40%]
python-tests	Run pytest	2026-05-28T18:51:40.7836785Z tools/test_tools.py::test_fundamental_frequency_close_to_input PASSED    [ 60%]
python-tests	Run pytest	2026-05-28T18:51:41.0413357Z tools/test_tools.py::test_csv_values_are_floats PASSED                   [ 80%]
python-tests	Run pytest	2026-05-28T18:51:41.5887698Z tools/test_tools.py::test_different_seeds_produce_different_signals PASSED [100%]
python-tests	Run pytest	2026-05-28T18:51:41.5888374Z 
python-tests	Run pytest	2026-05-28T18:51:41.5888644Z ============================== 5 passed in 2.12s ===============================
python-tests	Post Run astral-sh/setup-uv@v3	﻿2026-05-28T18:51:41.6345568Z Post job cleanup.
python-tests	Post Run actions/checkout@v4	﻿2026-05-28T18:51:41.7953358Z Post job cleanup.
python-tests	Post Run actions/checkout@v4	2026-05-28T18:51:41.8910465Z [command]/usr/bin/git version
python-tests	Post Run actions/checkout@v4	2026-05-28T18:51:41.8947027Z git version 2.54.0
python-tests	Post Run actions/checkout@v4	2026-05-28T18:51:41.8989312Z Temporarily overriding HOME='/home/runner/work/_temp/569c2604-651a-447b-90a0-500dabc24cd3' before making global git config changes
python-tests	Post Run actions/checkout@v4	2026-05-28T18:51:41.8991130Z Adding repository directory to the temporary git global config as a safe directory
python-tests	Post Run actions/checkout@v4	2026-05-28T18:51:41.9003357Z [command]/usr/bin/git config --global --add safe.directory /home/runner/work/cross_platform_signal/cross_platform_signal
python-tests	Post Run actions/checkout@v4	2026-05-28T18:51:41.9039315Z [command]/usr/bin/git config --local --name-only --get-regexp core\.sshCommand
python-tests	Post Run actions/checkout@v4	2026-05-28T18:51:41.9072276Z [command]/usr/bin/git submodule foreach --recursive sh -c "git config --local --name-only --get-regexp 'core\.sshCommand' && git config --local --unset-all 'core.sshCommand' || :"
python-tests	Post Run actions/checkout@v4	2026-05-28T18:51:41.9311554Z [command]/usr/bin/git config --local --name-only --get-regexp http\.https\:\/\/github\.com\/\.extraheader
python-tests	Post Run actions/checkout@v4	2026-05-28T18:51:41.9332988Z http.https://github.com/.extraheader
python-tests	Post Run actions/checkout@v4	2026-05-28T18:51:41.9344813Z [command]/usr/bin/git config --local --unset-all http.https://github.com/.extraheader
python-tests	Post Run actions/checkout@v4	2026-05-28T18:51:41.9376150Z [command]/usr/bin/git submodule foreach --recursive sh -c "git config --local --name-only --get-regexp 'http\.https\:\/\/github\.com\/\.extraheader' && git config --local --unset-all 'http.https://github.com/.extraheader' || :"
python-tests	Post Run actions/checkout@v4	2026-05-28T18:51:41.9608690Z [command]/usr/bin/git config --local --name-only --get-regexp ^includeIf\.gitdir:
python-tests	Post Run actions/checkout@v4	2026-05-28T18:51:41.9639814Z [command]/usr/bin/git submodule foreach --recursive git config --local --show-origin --name-only --get-regexp remote.origin.url
python-tests	Complete job	﻿2026-05-28T18:51:41.9977704Z Cleaning up orphan processes
python-tests	Complete job	2026-05-28T18:51:42.0262887Z ##[warning]Node.js 20 actions are deprecated. The following actions are running on Node.js 20 and may not work as expected: actions/checkout@v4, astral-sh/setup-uv@v3. Actions will be forced to run with Node.js 24 by default starting June 2nd, 2026. Node.js 20 will be removed from the runner on September 16th, 2026. Please check if updated versions of these actions are available that support Node.js 24. To opt into Node.js 24 now, set the FORCE_JAVASCRIPT_ACTIONS_TO_NODE24=true environment variable on the runner or in your workflow file. Once Node.js 24 becomes the default, you can temporarily opt out by setting ACTIONS_ALLOW_USE_UNSECURE_NODE_VERSION=true. For more information see: https://github.blog/changelog/2025-09-19-deprecation-of-node-20-on-github-actions-runners/
clang-tidy — cppcoreguidelines + modernize (ct_core)	Set up job	﻿2026-05-28T18:51:35.0825211Z Current runner version: '2.334.0'
clang-tidy — cppcoreguidelines + modernize (ct_core)	Set up job	2026-05-28T18:51:35.0850067Z ##[group]Runner Image Provisioner
clang-tidy — cppcoreguidelines + modernize (ct_core)	Set up job	2026-05-28T18:51:35.0851291Z Hosted Compute Agent
clang-tidy — cppcoreguidelines + modernize (ct_core)	Set up job	2026-05-28T18:51:35.0851929Z Version: 20260520.533
clang-tidy — cppcoreguidelines + modernize (ct_core)	Set up job	2026-05-28T18:51:35.0852670Z Commit: 189110e25284a9812c124fd27b339e2fb4f2f9db
clang-tidy — cppcoreguidelines + modernize (ct_core)	Set up job	2026-05-28T18:51:35.0853458Z Build Date: 2026-05-20T17:44:04Z
clang-tidy — cppcoreguidelines + modernize (ct_core)	Set up job	2026-05-28T18:51:35.0854160Z Worker ID: {e7c4778f-e317-400b-a70e-befc34fcaa42}
clang-tidy — cppcoreguidelines + modernize (ct_core)	Set up job	2026-05-28T18:51:35.0854933Z Azure Region: westus3
clang-tidy — cppcoreguidelines + modernize (ct_core)	Set up job	2026-05-28T18:51:35.0855526Z ##[endgroup]
clang-tidy — cppcoreguidelines + modernize (ct_core)	Set up job	2026-05-28T18:51:35.0856963Z ##[group]Operating System
clang-tidy — cppcoreguidelines + modernize (ct_core)	Set up job	2026-05-28T18:51:35.0857755Z Ubuntu
clang-tidy — cppcoreguidelines + modernize (ct_core)	Set up job	2026-05-28T18:51:35.0858289Z 24.04.4
clang-tidy — cppcoreguidelines + modernize (ct_core)	Set up job	2026-05-28T18:51:35.0858845Z LTS
clang-tidy — cppcoreguidelines + modernize (ct_core)	Set up job	2026-05-28T18:51:35.0859386Z ##[endgroup]
clang-tidy — cppcoreguidelines + modernize (ct_core)	Set up job	2026-05-28T18:51:35.0859948Z ##[group]Runner Image
clang-tidy — cppcoreguidelines + modernize (ct_core)	Set up job	2026-05-28T18:51:35.0860671Z Image: ubuntu-24.04
clang-tidy — cppcoreguidelines + modernize (ct_core)	Set up job	2026-05-28T18:51:35.0861523Z Version: 20260525.161.1
clang-tidy — cppcoreguidelines + modernize (ct_core)	Set up job	2026-05-28T18:51:35.0862593Z Included Software: https://github.com/actions/runner-images/blob/ubuntu24/20260525.161/images/ubuntu/Ubuntu2404-Readme.md
clang-tidy — cppcoreguidelines + modernize (ct_core)	Set up job	2026-05-28T18:51:35.0864385Z Image Release: https://github.com/actions/runner-images/releases/tag/ubuntu24%2F20260525.161
clang-tidy — cppcoreguidelines + modernize (ct_core)	Set up job	2026-05-28T18:51:35.0865443Z ##[endgroup]
clang-tidy — cppcoreguidelines + modernize (ct_core)	Set up job	2026-05-28T18:51:35.0866676Z ##[group]GITHUB_TOKEN Permissions
clang-tidy — cppcoreguidelines + modernize (ct_core)	Set up job	2026-05-28T18:51:35.0868561Z Contents: read
clang-tidy — cppcoreguidelines + modernize (ct_core)	Set up job	2026-05-28T18:51:35.0869244Z Metadata: read
clang-tidy — cppcoreguidelines + modernize (ct_core)	Set up job	2026-05-28T18:51:35.0869841Z Packages: read
clang-tidy — cppcoreguidelines + modernize (ct_core)	Set up job	2026-05-28T18:51:35.0870516Z ##[endgroup]
clang-tidy — cppcoreguidelines + modernize (ct_core)	Set up job	2026-05-28T18:51:35.0872917Z Secret source: Actions
clang-tidy — cppcoreguidelines + modernize (ct_core)	Set up job	2026-05-28T18:51:35.0873779Z Prepare workflow directory
clang-tidy — cppcoreguidelines + modernize (ct_core)	Set up job	2026-05-28T18:51:35.1205832Z Prepare all required actions
clang-tidy — cppcoreguidelines + modernize (ct_core)	Set up job	2026-05-28T18:51:35.1243753Z Getting action download info
clang-tidy — cppcoreguidelines + modernize (ct_core)	Set up job	2026-05-28T18:51:35.5386878Z Download action repository 'actions/checkout@v4' (SHA:34e114876b0b11c390a56381ad16ebd13914f8d5)
clang-tidy — cppcoreguidelines + modernize (ct_core)	Set up job	2026-05-28T18:51:35.7278918Z Complete job name: clang-tidy — cppcoreguidelines + modernize (ct_core)
clang-tidy — cppcoreguidelines + modernize (ct_core)	Run actions/checkout@v4	﻿2026-05-28T18:51:35.8076534Z ##[group]Run actions/checkout@v4
clang-tidy — cppcoreguidelines + modernize (ct_core)	Run actions/checkout@v4	2026-05-28T18:51:35.8077445Z with:
clang-tidy — cppcoreguidelines + modernize (ct_core)	Run actions/checkout@v4	2026-05-28T18:51:35.8077980Z   repository: kangkabseok2021/cross_platform_signal
clang-tidy — cppcoreguidelines + modernize (ct_core)	Run actions/checkout@v4	2026-05-28T18:51:35.8082947Z   token: ***
clang-tidy — cppcoreguidelines + modernize (ct_core)	Run actions/checkout@v4	2026-05-28T18:51:35.8083435Z   ssh-strict: true
clang-tidy — cppcoreguidelines + modernize (ct_core)	Run actions/checkout@v4	2026-05-28T18:51:35.8083889Z   ssh-user: git
clang-tidy — cppcoreguidelines + modernize (ct_core)	Run actions/checkout@v4	2026-05-28T18:51:35.8084352Z   persist-credentials: true
clang-tidy — cppcoreguidelines + modernize (ct_core)	Run actions/checkout@v4	2026-05-28T18:51:35.8084852Z   clean: true
clang-tidy — cppcoreguidelines + modernize (ct_core)	Run actions/checkout@v4	2026-05-28T18:51:35.8085310Z   sparse-checkout-cone-mode: true
clang-tidy — cppcoreguidelines + modernize (ct_core)	Run actions/checkout@v4	2026-05-28T18:51:35.8085847Z   fetch-depth: 1
clang-tidy — cppcoreguidelines + modernize (ct_core)	Run actions/checkout@v4	2026-05-28T18:51:35.8086290Z   fetch-tags: false
clang-tidy — cppcoreguidelines + modernize (ct_core)	Run actions/checkout@v4	2026-05-28T18:51:35.8086756Z   show-progress: true
clang-tidy — cppcoreguidelines + modernize (ct_core)	Run actions/checkout@v4	2026-05-28T18:51:35.8087219Z   lfs: false
clang-tidy — cppcoreguidelines + modernize (ct_core)	Run actions/checkout@v4	2026-05-28T18:51:35.8087644Z   submodules: false
clang-tidy — cppcoreguidelines + modernize (ct_core)	Run actions/checkout@v4	2026-05-28T18:51:35.8088103Z   set-safe-directory: true
clang-tidy — cppcoreguidelines + modernize (ct_core)	Run actions/checkout@v4	2026-05-28T18:51:35.8088870Z ##[endgroup]
clang-tidy — cppcoreguidelines + modernize (ct_core)	Run actions/checkout@v4	2026-05-28T18:51:35.9169793Z Syncing repository: kangkabseok2021/cross_platform_signal
clang-tidy — cppcoreguidelines + modernize (ct_core)	Run actions/checkout@v4	2026-05-28T18:51:35.9171935Z ##[group]Getting Git version info
clang-tidy — cppcoreguidelines + modernize (ct_core)	Run actions/checkout@v4	2026-05-28T18:51:35.9172851Z Working directory is '/home/runner/work/cross_platform_signal/cross_platform_signal'
clang-tidy — cppcoreguidelines + modernize (ct_core)	Run actions/checkout@v4	2026-05-28T18:51:35.9174090Z [command]/usr/bin/git version
clang-tidy — cppcoreguidelines + modernize (ct_core)	Run actions/checkout@v4	2026-05-28T18:51:35.9272471Z git version 2.54.0
clang-tidy — cppcoreguidelines + modernize (ct_core)	Run actions/checkout@v4	2026-05-28T18:51:35.9298875Z ##[endgroup]
clang-tidy — cppcoreguidelines + modernize (ct_core)	Run actions/checkout@v4	2026-05-28T18:51:35.9314903Z Temporarily overriding HOME='/home/runner/work/_temp/92cafc21-793d-4883-815b-e52a9b17058e' before making global git config changes
clang-tidy — cppcoreguidelines + modernize (ct_core)	Run actions/checkout@v4	2026-05-28T18:51:35.9317428Z Adding repository directory to the temporary git global config as a safe directory
clang-tidy — cppcoreguidelines + modernize (ct_core)	Run actions/checkout@v4	2026-05-28T18:51:35.9328520Z [command]/usr/bin/git config --global --add safe.directory /home/runner/work/cross_platform_signal/cross_platform_signal
clang-tidy — cppcoreguidelines + modernize (ct_core)	Run actions/checkout@v4	2026-05-28T18:51:35.9372724Z Deleting the contents of '/home/runner/work/cross_platform_signal/cross_platform_signal'
clang-tidy — cppcoreguidelines + modernize (ct_core)	Run actions/checkout@v4	2026-05-28T18:51:35.9375664Z ##[group]Initializing the repository
clang-tidy — cppcoreguidelines + modernize (ct_core)	Run actions/checkout@v4	2026-05-28T18:51:35.9379898Z [command]/usr/bin/git init /home/runner/work/cross_platform_signal/cross_platform_signal
clang-tidy — cppcoreguidelines + modernize (ct_core)	Run actions/checkout@v4	2026-05-28T18:51:35.9476180Z hint: Using 'master' as the name for the initial branch. This default branch name
clang-tidy — cppcoreguidelines + modernize (ct_core)	Run actions/checkout@v4	2026-05-28T18:51:35.9477708Z hint: will change to "main" in Git 3.0. To configure the initial branch name
clang-tidy — cppcoreguidelines + modernize (ct_core)	Run actions/checkout@v4	2026-05-28T18:51:35.9478736Z hint: to use in all of your new repositories, which will suppress this warning,
clang-tidy — cppcoreguidelines + modernize (ct_core)	Run actions/checkout@v4	2026-05-28T18:51:35.9479856Z hint: call:
clang-tidy — cppcoreguidelines + modernize (ct_core)	Run actions/checkout@v4	2026-05-28T18:51:35.9480587Z hint:
clang-tidy — cppcoreguidelines + modernize (ct_core)	Run actions/checkout@v4	2026-05-28T18:51:35.9481732Z hint: 	git config --global init.defaultBranch <name>
clang-tidy — cppcoreguidelines + modernize (ct_core)	Run actions/checkout@v4	2026-05-28T18:51:35.9482822Z hint:
clang-tidy — cppcoreguidelines + modernize (ct_core)	Run actions/checkout@v4	2026-05-28T18:51:35.9483867Z hint: Names commonly chosen instead of 'master' are 'main', 'trunk' and
clang-tidy — cppcoreguidelines + modernize (ct_core)	Run actions/checkout@v4	2026-05-28T18:51:35.9485004Z hint: 'development'. The just-created branch can be renamed via this command:
clang-tidy — cppcoreguidelines + modernize (ct_core)	Run actions/checkout@v4	2026-05-28T18:51:35.9485765Z hint:
clang-tidy — cppcoreguidelines + modernize (ct_core)	Run actions/checkout@v4	2026-05-28T18:51:35.9486195Z hint: 	git branch -m <name>
clang-tidy — cppcoreguidelines + modernize (ct_core)	Run actions/checkout@v4	2026-05-28T18:51:35.9486723Z hint:
clang-tidy — cppcoreguidelines + modernize (ct_core)	Run actions/checkout@v4	2026-05-28T18:51:35.9487359Z hint: Disable this message with "git config set advice.defaultBranchName false"
clang-tidy — cppcoreguidelines + modernize (ct_core)	Run actions/checkout@v4	2026-05-28T18:51:35.9488663Z Initialized empty Git repository in /home/runner/work/cross_platform_signal/cross_platform_signal/.git/
clang-tidy — cppcoreguidelines + modernize (ct_core)	Run actions/checkout@v4	2026-05-28T18:51:35.9494829Z [command]/usr/bin/git remote add origin https://github.com/kangkabseok2021/cross_platform_signal
clang-tidy — cppcoreguidelines + modernize (ct_core)	Run actions/checkout@v4	2026-05-28T18:51:35.9532530Z ##[endgroup]
clang-tidy — cppcoreguidelines + modernize (ct_core)	Run actions/checkout@v4	2026-05-28T18:51:35.9533358Z ##[group]Disabling automatic garbage collection
clang-tidy — cppcoreguidelines + modernize (ct_core)	Run actions/checkout@v4	2026-05-28T18:51:35.9536036Z [command]/usr/bin/git config --local gc.auto 0
clang-tidy — cppcoreguidelines + modernize (ct_core)	Run actions/checkout@v4	2026-05-28T18:51:35.9562778Z ##[endgroup]
clang-tidy — cppcoreguidelines + modernize (ct_core)	Run actions/checkout@v4	2026-05-28T18:51:35.9563611Z ##[group]Setting up auth
clang-tidy — cppcoreguidelines + modernize (ct_core)	Run actions/checkout@v4	2026-05-28T18:51:35.9569187Z [command]/usr/bin/git config --local --name-only --get-regexp core\.sshCommand
clang-tidy — cppcoreguidelines + modernize (ct_core)	Run actions/checkout@v4	2026-05-28T18:51:35.9599857Z [command]/usr/bin/git submodule foreach --recursive sh -c "git config --local --name-only --get-regexp 'core\.sshCommand' && git config --local --unset-all 'core.sshCommand' || :"
clang-tidy — cppcoreguidelines + modernize (ct_core)	Run actions/checkout@v4	2026-05-28T18:51:35.9915457Z [command]/usr/bin/git config --local --name-only --get-regexp http\.https\:\/\/github\.com\/\.extraheader
clang-tidy — cppcoreguidelines + modernize (ct_core)	Run actions/checkout@v4	2026-05-28T18:51:35.9942722Z [command]/usr/bin/git submodule foreach --recursive sh -c "git config --local --name-only --get-regexp 'http\.https\:\/\/github\.com\/\.extraheader' && git config --local --unset-all 'http.https://github.com/.extraheader' || :"
clang-tidy — cppcoreguidelines + modernize (ct_core)	Run actions/checkout@v4	2026-05-28T18:51:36.0149966Z [command]/usr/bin/git config --local --name-only --get-regexp ^includeIf\.gitdir:
clang-tidy — cppcoreguidelines + modernize (ct_core)	Run actions/checkout@v4	2026-05-28T18:51:36.0185795Z [command]/usr/bin/git submodule foreach --recursive git config --local --show-origin --name-only --get-regexp remote.origin.url
clang-tidy — cppcoreguidelines + modernize (ct_core)	Run actions/checkout@v4	2026-05-28T18:51:36.0396616Z [command]/usr/bin/git config --local http.https://github.com/.extraheader AUTHORIZATION: basic ***
clang-tidy — cppcoreguidelines + modernize (ct_core)	Run actions/checkout@v4	2026-05-28T18:51:36.0427492Z ##[endgroup]
clang-tidy — cppcoreguidelines + modernize (ct_core)	Run actions/checkout@v4	2026-05-28T18:51:36.0428368Z ##[group]Fetching the repository
clang-tidy — cppcoreguidelines + modernize (ct_core)	Run actions/checkout@v4	2026-05-28T18:51:36.0435863Z [command]/usr/bin/git -c protocol.version=2 fetch --no-tags --prune --no-recurse-submodules --depth=1 origin +624ad80cdc8fd75d3dd2dcd99ab8330e88b10667:refs/remotes/origin/main
clang-tidy — cppcoreguidelines + modernize (ct_core)	Run actions/checkout@v4	2026-05-28T18:51:37.0222034Z From https://github.com/kangkabseok2021/cross_platform_signal
clang-tidy — cppcoreguidelines + modernize (ct_core)	Run actions/checkout@v4	2026-05-28T18:51:37.0223478Z  * [new ref]         624ad80cdc8fd75d3dd2dcd99ab8330e88b10667 -> origin/main
clang-tidy — cppcoreguidelines + modernize (ct_core)	Run actions/checkout@v4	2026-05-28T18:51:37.0265545Z ##[endgroup]
clang-tidy — cppcoreguidelines + modernize (ct_core)	Run actions/checkout@v4	2026-05-28T18:51:37.0267214Z ##[group]Determining the checkout info
clang-tidy — cppcoreguidelines + modernize (ct_core)	Run actions/checkout@v4	2026-05-28T18:51:37.0269149Z ##[endgroup]
clang-tidy — cppcoreguidelines + modernize (ct_core)	Run actions/checkout@v4	2026-05-28T18:51:37.0271545Z [command]/usr/bin/git sparse-checkout disable
clang-tidy — cppcoreguidelines + modernize (ct_core)	Run actions/checkout@v4	2026-05-28T18:51:37.0315356Z [command]/usr/bin/git config --local --unset-all extensions.worktreeConfig
clang-tidy — cppcoreguidelines + modernize (ct_core)	Run actions/checkout@v4	2026-05-28T18:51:37.0348920Z ##[group]Checking out the ref
clang-tidy — cppcoreguidelines + modernize (ct_core)	Run actions/checkout@v4	2026-05-28T18:51:37.0351697Z [command]/usr/bin/git checkout --progress --force -B main refs/remotes/origin/main
clang-tidy — cppcoreguidelines + modernize (ct_core)	Run actions/checkout@v4	2026-05-28T18:51:37.0767716Z Switched to a new branch 'main'
clang-tidy — cppcoreguidelines + modernize (ct_core)	Run actions/checkout@v4	2026-05-28T18:51:37.0769739Z branch 'main' set up to track 'origin/main'.
clang-tidy — cppcoreguidelines + modernize (ct_core)	Run actions/checkout@v4	2026-05-28T18:51:37.0777673Z ##[endgroup]
clang-tidy — cppcoreguidelines + modernize (ct_core)	Run actions/checkout@v4	2026-05-28T18:51:37.0815506Z [command]/usr/bin/git log -1 --format=%H
clang-tidy — cppcoreguidelines + modernize (ct_core)	Run actions/checkout@v4	2026-05-28T18:51:37.0836559Z 624ad80cdc8fd75d3dd2dcd99ab8330e88b10667
clang-tidy — cppcoreguidelines + modernize (ct_core)	Install clang-tidy	﻿2026-05-28T18:51:37.1057933Z ##[group]Run sudo apt-get update -qq && sudo apt-get install -y clang-tidy
clang-tidy — cppcoreguidelines + modernize (ct_core)	Install clang-tidy	2026-05-28T18:51:37.1060425Z ^[[36;1msudo apt-get update -qq && sudo apt-get install -y clang-tidy^[[0m
clang-tidy — cppcoreguidelines + modernize (ct_core)	Install clang-tidy	2026-05-28T18:51:37.1092213Z shell: /usr/bin/bash -e {0}
clang-tidy — cppcoreguidelines + modernize (ct_core)	Install clang-tidy	2026-05-28T18:51:37.1093594Z ##[endgroup]
clang-tidy — cppcoreguidelines + modernize (ct_core)	Install clang-tidy	2026-05-28T18:51:42.7321276Z Reading package lists...
clang-tidy — cppcoreguidelines + modernize (ct_core)	Install clang-tidy	2026-05-28T18:51:42.9057235Z Building dependency tree...
clang-tidy — cppcoreguidelines + modernize (ct_core)	Install clang-tidy	2026-05-28T18:51:42.9064586Z Reading state information...
clang-tidy — cppcoreguidelines + modernize (ct_core)	Install clang-tidy	2026-05-28T18:51:43.0597020Z The following NEW packages will be installed:
clang-tidy — cppcoreguidelines + modernize (ct_core)	Install clang-tidy	2026-05-28T18:51:43.0604498Z   clang-tidy
clang-tidy — cppcoreguidelines + modernize (ct_core)	Install clang-tidy	2026-05-28T18:51:43.0788616Z 0 upgraded, 1 newly installed, 0 to remove and 40 not upgraded.
clang-tidy — cppcoreguidelines + modernize (ct_core)	Install clang-tidy	2026-05-28T18:51:43.0789203Z Need to get 5724 B of archives.
clang-tidy — cppcoreguidelines + modernize (ct_core)	Install clang-tidy	2026-05-28T18:51:43.0789653Z After this operation, 21.5 kB of additional disk space will be used.
clang-tidy — cppcoreguidelines + modernize (ct_core)	Install clang-tidy	2026-05-28T18:51:43.0790199Z Get:1 file:/etc/apt/apt-mirrors.txt Mirrorlist [144 B]
clang-tidy — cppcoreguidelines + modernize (ct_core)	Install clang-tidy	2026-05-28T18:51:43.1385777Z Get:2 http://azure.archive.ubuntu.com/ubuntu noble/universe amd64 clang-tidy amd64 1:18.0-59~exp2 [5724 B]
clang-tidy — cppcoreguidelines + modernize (ct_core)	Install clang-tidy	2026-05-28T18:51:43.3726434Z Fetched 5724 B in 0s (82.0 kB/s)
clang-tidy — cppcoreguidelines + modernize (ct_core)	Install clang-tidy	2026-05-28T18:51:43.3945794Z Selecting previously unselected package clang-tidy.
clang-tidy — cppcoreguidelines + modernize (ct_core)	Install clang-tidy	2026-05-28T18:51:43.4219529Z (Reading database ... 
clang-tidy — cppcoreguidelines + modernize (ct_core)	Install clang-tidy	2026-05-28T18:51:43.4220073Z (Reading database ... 5%
clang-tidy — cppcoreguidelines + modernize (ct_core)	Install clang-tidy	2026-05-28T18:51:43.4220352Z (Reading database ... 10%
clang-tidy — cppcoreguidelines + modernize (ct_core)	Install clang-tidy	2026-05-28T18:51:43.4220717Z (Reading database ... 15%
clang-tidy — cppcoreguidelines + modernize (ct_core)	Install clang-tidy	2026-05-28T18:51:43.4221244Z (Reading database ... 20%
clang-tidy — cppcoreguidelines + modernize (ct_core)	Install clang-tidy	2026-05-28T18:51:43.4221733Z (Reading database ... 25%
clang-tidy — cppcoreguidelines + modernize (ct_core)	Install clang-tidy	2026-05-28T18:51:43.4222390Z (Reading database ... 30%
clang-tidy — cppcoreguidelines + modernize (ct_core)	Install clang-tidy	2026-05-28T18:51:43.4222902Z (Reading database ... 35%
clang-tidy — cppcoreguidelines + modernize (ct_core)	Install clang-tidy	2026-05-28T18:51:43.4223211Z (Reading database ... 40%
clang-tidy — cppcoreguidelines + modernize (ct_core)	Install clang-tidy	2026-05-28T18:51:43.4223455Z (Reading database ... 45%
clang-tidy — cppcoreguidelines + modernize (ct_core)	Install clang-tidy	2026-05-28T18:51:43.4223701Z (Reading database ... 50%
clang-tidy — cppcoreguidelines + modernize (ct_core)	Install clang-tidy	2026-05-28T18:51:43.4268366Z (Reading database ... 55%
clang-tidy — cppcoreguidelines + modernize (ct_core)	Install clang-tidy	2026-05-28T18:51:43.5534327Z (Reading database ... 60%
clang-tidy — cppcoreguidelines + modernize (ct_core)	Install clang-tidy	2026-05-28T18:51:43.7592420Z (Reading database ... 65%
clang-tidy — cppcoreguidelines + modernize (ct_core)	Install clang-tidy	2026-05-28T18:51:43.9084508Z (Reading database ... 70%
clang-tidy — cppcoreguidelines + modernize (ct_core)	Install clang-tidy	2026-05-28T18:51:44.0649618Z (Reading database ... 75%
clang-tidy — cppcoreguidelines + modernize (ct_core)	Install clang-tidy	2026-05-28T18:51:44.2514142Z (Reading database ... 80%
clang-tidy — cppcoreguidelines + modernize (ct_core)	Install clang-tidy	2026-05-28T18:51:44.4597960Z (Reading database ... 85%
clang-tidy — cppcoreguidelines + modernize (ct_core)	Install clang-tidy	2026-05-28T18:51:44.6531121Z (Reading database ... 90%
clang-tidy — cppcoreguidelines + modernize (ct_core)	Install clang-tidy	2026-05-28T18:51:44.8012778Z (Reading database ... 95%
clang-tidy — cppcoreguidelines + modernize (ct_core)	Install clang-tidy	2026-05-28T18:51:44.8013554Z (Reading database ... 100%
clang-tidy — cppcoreguidelines + modernize (ct_core)	Install clang-tidy	2026-05-28T18:51:44.8014264Z (Reading database ... 202271 files and directories currently installed.)
clang-tidy — cppcoreguidelines + modernize (ct_core)	Install clang-tidy	2026-05-28T18:51:44.8067981Z Preparing to unpack .../clang-tidy_1%3a18.0-59~exp2_amd64.deb ...
clang-tidy — cppcoreguidelines + modernize (ct_core)	Install clang-tidy	2026-05-28T18:51:44.8093894Z Unpacking clang-tidy (1:18.0-59~exp2) ...
clang-tidy — cppcoreguidelines + modernize (ct_core)	Install clang-tidy	2026-05-28T18:51:44.8483249Z Setting up clang-tidy (1:18.0-59~exp2) ...
clang-tidy — cppcoreguidelines + modernize (ct_core)	Install clang-tidy	2026-05-28T18:51:44.8513509Z Processing triggers for man-db (2.12.0-4build2) ...
clang-tidy — cppcoreguidelines + modernize (ct_core)	Install clang-tidy	2026-05-28T18:51:44.8535819Z Not building database; man-db/auto-update is not 'true'.
clang-tidy — cppcoreguidelines + modernize (ct_core)	Install clang-tidy	2026-05-28T18:51:45.4454777Z 
clang-tidy — cppcoreguidelines + modernize (ct_core)	Install clang-tidy	2026-05-28T18:51:45.4455280Z Running kernel seems to be up-to-date.
clang-tidy — cppcoreguidelines + modernize (ct_core)	Install clang-tidy	2026-05-28T18:51:45.4455798Z 
clang-tidy — cppcoreguidelines + modernize (ct_core)	Install clang-tidy	2026-05-28T18:51:45.4455993Z No services need to be restarted.
clang-tidy — cppcoreguidelines + modernize (ct_core)	Install clang-tidy	2026-05-28T18:51:45.4456305Z 
clang-tidy — cppcoreguidelines + modernize (ct_core)	Install clang-tidy	2026-05-28T18:51:45.4456515Z No containers need to be restarted.
clang-tidy — cppcoreguidelines + modernize (ct_core)	Install clang-tidy	2026-05-28T18:51:45.4456913Z 
clang-tidy — cppcoreguidelines + modernize (ct_core)	Install clang-tidy	2026-05-28T18:51:45.4481935Z No user sessions are running outdated binaries.
clang-tidy — cppcoreguidelines + modernize (ct_core)	Install clang-tidy	2026-05-28T18:51:45.4501778Z 
clang-tidy — cppcoreguidelines + modernize (ct_core)	Install clang-tidy	2026-05-28T18:51:45.4502209Z No VM guests are running outdated hypervisor (qemu) binaries on this host.
clang-tidy — cppcoreguidelines + modernize (ct_core)	Configure (generate compile_commands.json)	﻿2026-05-28T18:51:46.2015362Z ##[group]Run cmake -B build -DCMAKE_BUILD_TYPE=Debug -DCMAKE_EXPORT_COMPILE_COMMANDS=ON -DCMAKE_POLICY_DEFAULT_CMP0135=NEW
clang-tidy — cppcoreguidelines + modernize (ct_core)	Configure (generate compile_commands.json)	2026-05-28T18:51:46.2016319Z ^[[36;1mcmake -B build -DCMAKE_BUILD_TYPE=Debug -DCMAKE_EXPORT_COMPILE_COMMANDS=ON -DCMAKE_POLICY_DEFAULT_CMP0135=NEW^[[0m
clang-tidy — cppcoreguidelines + modernize (ct_core)	Configure (generate compile_commands.json)	2026-05-28T18:51:46.2043351Z shell: /usr/bin/bash -e {0}
clang-tidy — cppcoreguidelines + modernize (ct_core)	Configure (generate compile_commands.json)	2026-05-28T18:51:46.2043625Z ##[endgroup]
clang-tidy — cppcoreguidelines + modernize (ct_core)	Configure (generate compile_commands.json)	2026-05-28T18:51:46.8416907Z -- The C compiler identification is GNU 13.3.0
clang-tidy — cppcoreguidelines + modernize (ct_core)	Configure (generate compile_commands.json)	2026-05-28T18:51:47.1741879Z -- The CXX compiler identification is GNU 13.3.0
clang-tidy — cppcoreguidelines + modernize (ct_core)	Configure (generate compile_commands.json)	2026-05-28T18:51:47.2576715Z -- Detecting C compiler ABI info
clang-tidy — cppcoreguidelines + modernize (ct_core)	Configure (generate compile_commands.json)	2026-05-28T18:51:47.4314096Z -- Detecting C compiler ABI info - done
clang-tidy — cppcoreguidelines + modernize (ct_core)	Configure (generate compile_commands.json)	2026-05-28T18:51:47.4484083Z -- Check for working C compiler: /usr/bin/cc - skipped
clang-tidy — cppcoreguidelines + modernize (ct_core)	Configure (generate compile_commands.json)	2026-05-28T18:51:47.4523250Z -- Detecting C compile features
clang-tidy — cppcoreguidelines + modernize (ct_core)	Configure (generate compile_commands.json)	2026-05-28T18:51:47.4531635Z -- Detecting C compile features - done
clang-tidy — cppcoreguidelines + modernize (ct_core)	Configure (generate compile_commands.json)	2026-05-28T18:51:47.4783389Z -- Detecting CXX compiler ABI info
clang-tidy — cppcoreguidelines + modernize (ct_core)	Configure (generate compile_commands.json)	2026-05-28T18:51:47.5475448Z -- Detecting CXX compiler ABI info - done
clang-tidy — cppcoreguidelines + modernize (ct_core)	Configure (generate compile_commands.json)	2026-05-28T18:51:47.5648069Z -- Check for working CXX compiler: /usr/bin/c++ - skipped
clang-tidy — cppcoreguidelines + modernize (ct_core)	Configure (generate compile_commands.json)	2026-05-28T18:51:47.5652033Z -- Detecting CXX compile features
clang-tidy — cppcoreguidelines + modernize (ct_core)	Configure (generate compile_commands.json)	2026-05-28T18:51:47.5658245Z -- Detecting CXX compile features - done
clang-tidy — cppcoreguidelines + modernize (ct_core)	Configure (generate compile_commands.json)	2026-05-28T18:51:47.5926926Z -- Performing Test CMAKE_HAVE_LIBC_PTHREAD
clang-tidy — cppcoreguidelines + modernize (ct_core)	Configure (generate compile_commands.json)	2026-05-28T18:51:47.6629900Z -- Performing Test CMAKE_HAVE_LIBC_PTHREAD - Success
clang-tidy — cppcoreguidelines + modernize (ct_core)	Configure (generate compile_commands.json)	2026-05-28T18:51:47.6712748Z -- Found Threads: TRUE
clang-tidy — cppcoreguidelines + modernize (ct_core)	Configure (generate compile_commands.json)	2026-05-28T18:51:50.5173727Z -- Found Python3: /usr/bin/python3.12 (found version "3.12.3") found components: Interpreter
clang-tidy — cppcoreguidelines + modernize (ct_core)	Configure (generate compile_commands.json)	2026-05-28T18:51:50.5747303Z CMake Error at CMakeLists.txt:121 (find_package):
clang-tidy — cppcoreguidelines + modernize (ct_core)	Configure (generate compile_commands.json)	2026-05-28T18:51:50.5747933Z   By not providing "FindQt6.cmake" in CMAKE_MODULE_PATH this project has
clang-tidy — cppcoreguidelines + modernize (ct_core)	Configure (generate compile_commands.json)	2026-05-28T18:51:50.5748559Z   asked CMake to find a package configuration file provided by "Qt6", but
clang-tidy — cppcoreguidelines + modernize (ct_core)	Configure (generate compile_commands.json)	2026-05-28T18:51:50.5749042Z   CMake did not find one.
clang-tidy — cppcoreguidelines + modernize (ct_core)	Configure (generate compile_commands.json)	2026-05-28T18:51:50.5749235Z 
clang-tidy — cppcoreguidelines + modernize (ct_core)	Configure (generate compile_commands.json)	2026-05-28T18:51:50.5749654Z   Could not find a package configuration file provided by "Qt6" with any of
clang-tidy — cppcoreguidelines + modernize (ct_core)	Configure (generate compile_commands.json)	2026-05-28T18:51:50.5750300Z   the following names:
clang-tidy — cppcoreguidelines + modernize (ct_core)	Configure (generate compile_commands.json)	2026-05-28T18:51:50.5750472Z 
clang-tidy — cppcoreguidelines + modernize (ct_core)	Configure (generate compile_commands.json)	2026-05-28T18:51:50.5750569Z     Qt6Config.cmake
clang-tidy — cppcoreguidelines + modernize (ct_core)	Configure (generate compile_commands.json)	2026-05-28T18:51:50.5750787Z     qt6-config.cmake
clang-tidy — cppcoreguidelines + modernize (ct_core)	Configure (generate compile_commands.json)	2026-05-28T18:51:50.5751082Z 
clang-tidy — cppcoreguidelines + modernize (ct_core)	Configure (generate compile_commands.json)	2026-05-28T18:51:50.5751303Z   Add the installation prefix of "Qt6" to CMAKE_PREFIX_PATH or set "Qt6_DIR"
clang-tidy — cppcoreguidelines + modernize (ct_core)	Configure (generate compile_commands.json)	2026-05-28T18:51:50.5751784Z   to a directory containing one of the above files.  If "Qt6" provides a
clang-tidy — cppcoreguidelines + modernize (ct_core)	Configure (generate compile_commands.json)	2026-05-28T18:51:50.5752242Z   separate development package or SDK, be sure it has been installed.
clang-tidy — cppcoreguidelines + modernize (ct_core)	Configure (generate compile_commands.json)	2026-05-28T18:51:50.5752519Z 
clang-tidy — cppcoreguidelines + modernize (ct_core)	Configure (generate compile_commands.json)	2026-05-28T18:51:50.5752523Z 
clang-tidy — cppcoreguidelines + modernize (ct_core)	Configure (generate compile_commands.json)	2026-05-28T18:51:50.5752888Z -- Configuring incomplete, errors occurred!
clang-tidy — cppcoreguidelines + modernize (ct_core)	Configure (generate compile_commands.json)	2026-05-28T18:51:50.5810602Z ##[error]Process completed with exit code 1.
clang-tidy — cppcoreguidelines + modernize (ct_core)	Post Run actions/checkout@v4	﻿2026-05-28T18:51:50.5982418Z Post job cleanup.
clang-tidy — cppcoreguidelines + modernize (ct_core)	Post Run actions/checkout@v4	2026-05-28T18:51:50.6940888Z [command]/usr/bin/git version
clang-tidy — cppcoreguidelines + modernize (ct_core)	Post Run actions/checkout@v4	2026-05-28T18:51:50.6975833Z git version 2.54.0
clang-tidy — cppcoreguidelines + modernize (ct_core)	Post Run actions/checkout@v4	2026-05-28T18:51:50.7017739Z Temporarily overriding HOME='/home/runner/work/_temp/d7b12131-85f6-4ad5-accc-933a9bb1f671' before making global git config changes
clang-tidy — cppcoreguidelines + modernize (ct_core)	Post Run actions/checkout@v4	2026-05-28T18:51:50.7018549Z Adding repository directory to the temporary git global config as a safe directory
clang-tidy — cppcoreguidelines + modernize (ct_core)	Post Run actions/checkout@v4	2026-05-28T18:51:50.7032045Z [command]/usr/bin/git config --global --add safe.directory /home/runner/work/cross_platform_signal/cross_platform_signal
clang-tidy — cppcoreguidelines + modernize (ct_core)	Post Run actions/checkout@v4	2026-05-28T18:51:50.7064663Z [command]/usr/bin/git config --local --name-only --get-regexp core\.sshCommand
clang-tidy — cppcoreguidelines + modernize (ct_core)	Post Run actions/checkout@v4	2026-05-28T18:51:50.7096587Z [command]/usr/bin/git submodule foreach --recursive sh -c "git config --local --name-only --get-regexp 'core\.sshCommand' && git config --local --unset-all 'core.sshCommand' || :"
clang-tidy — cppcoreguidelines + modernize (ct_core)	Post Run actions/checkout@v4	2026-05-28T18:51:50.7309897Z [command]/usr/bin/git config --local --name-only --get-regexp http\.https\:\/\/github\.com\/\.extraheader
clang-tidy — cppcoreguidelines + modernize (ct_core)	Post Run actions/checkout@v4	2026-05-28T18:51:50.7333079Z http.https://github.com/.extraheader
clang-tidy — cppcoreguidelines + modernize (ct_core)	Post Run actions/checkout@v4	2026-05-28T18:51:50.7344799Z [command]/usr/bin/git config --local --unset-all http.https://github.com/.extraheader
clang-tidy — cppcoreguidelines + modernize (ct_core)	Post Run actions/checkout@v4	2026-05-28T18:51:50.7374821Z [command]/usr/bin/git submodule foreach --recursive sh -c "git config --local --name-only --get-regexp 'http\.https\:\/\/github\.com\/\.extraheader' && git config --local --unset-all 'http.https://github.com/.extraheader' || :"
clang-tidy — cppcoreguidelines + modernize (ct_core)	Post Run actions/checkout@v4	2026-05-28T18:51:50.7583776Z [command]/usr/bin/git config --local --name-only --get-regexp ^includeIf\.gitdir:
clang-tidy — cppcoreguidelines + modernize (ct_core)	Post Run actions/checkout@v4	2026-05-28T18:51:50.7612999Z [command]/usr/bin/git submodule foreach --recursive git config --local --show-origin --name-only --get-regexp remote.origin.url
clang-tidy — cppcoreguidelines + modernize (ct_core)	Complete job	﻿2026-05-28T18:51:50.7957622Z Cleaning up orphan processes
clang-tidy — cppcoreguidelines + modernize (ct_core)	Complete job	2026-05-28T18:51:50.8246545Z ##[warning]Node.js 20 actions are deprecated. The following actions are running on Node.js 20 and may not work as expected: actions/checkout@v4. Actions will be forced to run with Node.js 24 by default starting June 2nd, 2026. Node.js 20 will be removed from the runner on September 16th, 2026. Please check if updated versions of these actions are available that support Node.js 24. To opt into Node.js 24 now, set the FORCE_JAVASCRIPT_ACTIONS_TO_NODE24=true environment variable on the runner or in your workflow file. Once Node.js 24 becomes the default, you can temporarily opt out by setting ACTIONS_ALLOW_USE_UNSECURE_NODE_VERSION=true. For more information see: https://github.blog/changelog/2025-09-19-deprecation-of-node-20-on-github-actions-runners/
cpp-build-test (ubuntu-latest)	Set up job	﻿2026-05-28T18:51:34.0213194Z Current runner version: '2.334.0'
cpp-build-test (ubuntu-latest)	Set up job	2026-05-28T18:51:34.0241086Z ##[group]Runner Image Provisioner
cpp-build-test (ubuntu-latest)	Set up job	2026-05-28T18:51:34.0242006Z Hosted Compute Agent
cpp-build-test (ubuntu-latest)	Set up job	2026-05-28T18:51:34.0242714Z Version: 20260520.533
cpp-build-test (ubuntu-latest)	Set up job	2026-05-28T18:51:34.0243365Z Commit: 189110e25284a9812c124fd27b339e2fb4f2f9db
cpp-build-test (ubuntu-latest)	Set up job	2026-05-28T18:51:34.0244132Z Build Date: 2026-05-20T17:44:04Z
cpp-build-test (ubuntu-latest)	Set up job	2026-05-28T18:51:34.0244884Z Worker ID: {25c40f9a-4646-43ca-8dc7-d29798b04f73}
cpp-build-test (ubuntu-latest)	Set up job	2026-05-28T18:51:34.0245672Z Azure Region: westcentralus
cpp-build-test (ubuntu-latest)	Set up job	2026-05-28T18:51:34.0246359Z ##[endgroup]
cpp-build-test (ubuntu-latest)	Set up job	2026-05-28T18:51:34.0247696Z ##[group]Operating System
cpp-build-test (ubuntu-latest)	Set up job	2026-05-28T18:51:34.0248566Z Ubuntu
cpp-build-test (ubuntu-latest)	Set up job	2026-05-28T18:51:34.0249170Z 24.04.4
cpp-build-test (ubuntu-latest)	Set up job	2026-05-28T18:51:34.0249714Z LTS
cpp-build-test (ubuntu-latest)	Set up job	2026-05-28T18:51:34.0250295Z ##[endgroup]
cpp-build-test (ubuntu-latest)	Set up job	2026-05-28T18:51:34.0250867Z ##[group]Runner Image
cpp-build-test (ubuntu-latest)	Set up job	2026-05-28T18:51:34.0251493Z Image: ubuntu-24.04
cpp-build-test (ubuntu-latest)	Set up job	2026-05-28T18:51:34.0252176Z Version: 20260525.161.1
cpp-build-test (ubuntu-latest)	Set up job	2026-05-28T18:51:34.0253267Z Included Software: https://github.com/actions/runner-images/blob/ubuntu24/20260525.161/images/ubuntu/Ubuntu2404-Readme.md
cpp-build-test (ubuntu-latest)	Set up job	2026-05-28T18:51:34.0255061Z Image Release: https://github.com/actions/runner-images/releases/tag/ubuntu24%2F20260525.161
cpp-build-test (ubuntu-latest)	Set up job	2026-05-28T18:51:34.0256047Z ##[endgroup]
cpp-build-test (ubuntu-latest)	Set up job	2026-05-28T18:51:34.0257384Z ##[group]GITHUB_TOKEN Permissions
cpp-build-test (ubuntu-latest)	Set up job	2026-05-28T18:51:34.0259419Z Contents: read
cpp-build-test (ubuntu-latest)	Set up job	2026-05-28T18:51:34.0260172Z Metadata: read
cpp-build-test (ubuntu-latest)	Set up job	2026-05-28T18:51:34.0260754Z Packages: read
cpp-build-test (ubuntu-latest)	Set up job	2026-05-28T18:51:34.0261446Z ##[endgroup]
cpp-build-test (ubuntu-latest)	Set up job	2026-05-28T18:51:34.0263750Z Secret source: Actions
cpp-build-test (ubuntu-latest)	Set up job	2026-05-28T18:51:34.0264528Z Prepare workflow directory
cpp-build-test (ubuntu-latest)	Set up job	2026-05-28T18:51:34.0616501Z Prepare all required actions
cpp-build-test (ubuntu-latest)	Set up job	2026-05-28T18:51:34.0673077Z Getting action download info
cpp-build-test (ubuntu-latest)	Set up job	2026-05-28T18:51:34.4676881Z Download action repository 'actions/checkout@v4' (SHA:34e114876b0b11c390a56381ad16ebd13914f8d5)
cpp-build-test (ubuntu-latest)	Set up job	2026-05-28T18:51:34.6600241Z Complete job name: cpp-build-test (ubuntu-latest)
cpp-build-test (ubuntu-latest)	Run actions/checkout@v4	﻿2026-05-28T18:51:34.7412275Z ##[group]Run actions/checkout@v4
cpp-build-test (ubuntu-latest)	Run actions/checkout@v4	2026-05-28T18:51:34.7413124Z with:
cpp-build-test (ubuntu-latest)	Run actions/checkout@v4	2026-05-28T18:51:34.7413649Z   repository: kangkabseok2021/cross_platform_signal
cpp-build-test (ubuntu-latest)	Run actions/checkout@v4	2026-05-28T18:51:34.7418804Z   token: ***
cpp-build-test (ubuntu-latest)	Run actions/checkout@v4	2026-05-28T18:51:34.7419260Z   ssh-strict: true
cpp-build-test (ubuntu-latest)	Run actions/checkout@v4	2026-05-28T18:51:34.7419716Z   ssh-user: git
cpp-build-test (ubuntu-latest)	Run actions/checkout@v4	2026-05-28T18:51:34.7420166Z   persist-credentials: true
cpp-build-test (ubuntu-latest)	Run actions/checkout@v4	2026-05-28T18:51:34.7420665Z   clean: true
cpp-build-test (ubuntu-latest)	Run actions/checkout@v4	2026-05-28T18:51:34.7421145Z   sparse-checkout-cone-mode: true
cpp-build-test (ubuntu-latest)	Run actions/checkout@v4	2026-05-28T18:51:34.7421674Z   fetch-depth: 1
cpp-build-test (ubuntu-latest)	Run actions/checkout@v4	2026-05-28T18:51:34.7422116Z   fetch-tags: false
cpp-build-test (ubuntu-latest)	Run actions/checkout@v4	2026-05-28T18:51:34.7422567Z   show-progress: true
cpp-build-test (ubuntu-latest)	Run actions/checkout@v4	2026-05-28T18:51:34.7423029Z   lfs: false
cpp-build-test (ubuntu-latest)	Run actions/checkout@v4	2026-05-28T18:51:34.7423445Z   submodules: false
cpp-build-test (ubuntu-latest)	Run actions/checkout@v4	2026-05-28T18:51:34.7423902Z   set-safe-directory: true
cpp-build-test (ubuntu-latest)	Run actions/checkout@v4	2026-05-28T18:51:34.7424613Z ##[endgroup]
cpp-build-test (ubuntu-latest)	Run actions/checkout@v4	2026-05-28T18:51:34.8554611Z Syncing repository: kangkabseok2021/cross_platform_signal
cpp-build-test (ubuntu-latest)	Run actions/checkout@v4	2026-05-28T18:51:34.8556571Z ##[group]Getting Git version info
cpp-build-test (ubuntu-latest)	Run actions/checkout@v4	2026-05-28T18:51:34.8557418Z Working directory is '/home/runner/work/cross_platform_signal/cross_platform_signal'
cpp-build-test (ubuntu-latest)	Run actions/checkout@v4	2026-05-28T18:51:34.8558813Z [command]/usr/bin/git version
cpp-build-test (ubuntu-latest)	Run actions/checkout@v4	2026-05-28T18:51:34.8637282Z git version 2.54.0
cpp-build-test (ubuntu-latest)	Run actions/checkout@v4	2026-05-28T18:51:34.8663091Z ##[endgroup]
cpp-build-test (ubuntu-latest)	Run actions/checkout@v4	2026-05-28T18:51:34.8686866Z Temporarily overriding HOME='/home/runner/work/_temp/99322ead-004a-4042-92c6-cf51023245db' before making global git config changes
cpp-build-test (ubuntu-latest)	Run actions/checkout@v4	2026-05-28T18:51:34.8689648Z Adding repository directory to the temporary git global config as a safe directory
cpp-build-test (ubuntu-latest)	Run actions/checkout@v4	2026-05-28T18:51:34.8693940Z [command]/usr/bin/git config --global --add safe.directory /home/runner/work/cross_platform_signal/cross_platform_signal
cpp-build-test (ubuntu-latest)	Run actions/checkout@v4	2026-05-28T18:51:34.8739912Z Deleting the contents of '/home/runner/work/cross_platform_signal/cross_platform_signal'
cpp-build-test (ubuntu-latest)	Run actions/checkout@v4	2026-05-28T18:51:34.8743355Z ##[group]Initializing the repository
cpp-build-test (ubuntu-latest)	Run actions/checkout@v4	2026-05-28T18:51:34.8747657Z [command]/usr/bin/git init /home/runner/work/cross_platform_signal/cross_platform_signal
cpp-build-test (ubuntu-latest)	Run actions/checkout@v4	2026-05-28T18:51:34.8841409Z hint: Using 'master' as the name for the initial branch. This default branch name
cpp-build-test (ubuntu-latest)	Run actions/checkout@v4	2026-05-28T18:51:34.8842634Z hint: will change to "main" in Git 3.0. To configure the initial branch name
cpp-build-test (ubuntu-latest)	Run actions/checkout@v4	2026-05-28T18:51:34.8843562Z hint: to use in all of your new repositories, which will suppress this warning,
cpp-build-test (ubuntu-latest)	Run actions/checkout@v4	2026-05-28T18:51:34.8844589Z hint: call:
cpp-build-test (ubuntu-latest)	Run actions/checkout@v4	2026-05-28T18:51:34.8844999Z hint:
cpp-build-test (ubuntu-latest)	Run actions/checkout@v4	2026-05-28T18:51:34.8845525Z hint: 	git config --global init.defaultBranch <name>
cpp-build-test (ubuntu-latest)	Run actions/checkout@v4	2026-05-28T18:51:34.8846236Z hint:
cpp-build-test (ubuntu-latest)	Run actions/checkout@v4	2026-05-28T18:51:34.8847114Z hint: Names commonly chosen instead of 'master' are 'main', 'trunk' and
cpp-build-test (ubuntu-latest)	Run actions/checkout@v4	2026-05-28T18:51:34.8848514Z hint: 'development'. The just-created branch can be renamed via this command:
cpp-build-test (ubuntu-latest)	Run actions/checkout@v4	2026-05-28T18:51:34.8849252Z hint:
cpp-build-test (ubuntu-latest)	Run actions/checkout@v4	2026-05-28T18:51:34.8849687Z hint: 	git branch -m <name>
cpp-build-test (ubuntu-latest)	Run actions/checkout@v4	2026-05-28T18:51:34.8850176Z hint:
cpp-build-test (ubuntu-latest)	Run actions/checkout@v4	2026-05-28T18:51:34.8850875Z hint: Disable this message with "git config set advice.defaultBranchName false"
cpp-build-test (ubuntu-latest)	Run actions/checkout@v4	2026-05-28T18:51:34.8852146Z Initialized empty Git repository in /home/runner/work/cross_platform_signal/cross_platform_signal/.git/
cpp-build-test (ubuntu-latest)	Run actions/checkout@v4	2026-05-28T18:51:34.8859516Z [command]/usr/bin/git remote add origin https://github.com/kangkabseok2021/cross_platform_signal
cpp-build-test (ubuntu-latest)	Run actions/checkout@v4	2026-05-28T18:51:34.8903137Z ##[endgroup]
cpp-build-test (ubuntu-latest)	Run actions/checkout@v4	2026-05-28T18:51:34.8904382Z ##[group]Disabling automatic garbage collection
cpp-build-test (ubuntu-latest)	Run actions/checkout@v4	2026-05-28T18:51:34.8908180Z [command]/usr/bin/git config --local gc.auto 0
cpp-build-test (ubuntu-latest)	Run actions/checkout@v4	2026-05-28T18:51:34.8937842Z ##[endgroup]
cpp-build-test (ubuntu-latest)	Run actions/checkout@v4	2026-05-28T18:51:34.8939211Z ##[group]Setting up auth
cpp-build-test (ubuntu-latest)	Run actions/checkout@v4	2026-05-28T18:51:34.8946121Z [command]/usr/bin/git config --local --name-only --get-regexp core\.sshCommand
cpp-build-test (ubuntu-latest)	Run actions/checkout@v4	2026-05-28T18:51:34.8980448Z [command]/usr/bin/git submodule foreach --recursive sh -c "git config --local --name-only --get-regexp 'core\.sshCommand' && git config --local --unset-all 'core.sshCommand' || :"
cpp-build-test (ubuntu-latest)	Run actions/checkout@v4	2026-05-28T18:51:34.9316668Z [command]/usr/bin/git config --local --name-only --get-regexp http\.https\:\/\/github\.com\/\.extraheader
cpp-build-test (ubuntu-latest)	Run actions/checkout@v4	2026-05-28T18:51:34.9347067Z [command]/usr/bin/git submodule foreach --recursive sh -c "git config --local --name-only --get-regexp 'http\.https\:\/\/github\.com\/\.extraheader' && git config --local --unset-all 'http.https://github.com/.extraheader' || :"
cpp-build-test (ubuntu-latest)	Run actions/checkout@v4	2026-05-28T18:51:34.9579156Z [command]/usr/bin/git config --local --name-only --get-regexp ^includeIf\.gitdir:
cpp-build-test (ubuntu-latest)	Run actions/checkout@v4	2026-05-28T18:51:34.9621047Z [command]/usr/bin/git submodule foreach --recursive git config --local --show-origin --name-only --get-regexp remote.origin.url
cpp-build-test (ubuntu-latest)	Run actions/checkout@v4	2026-05-28T18:51:34.9854482Z [command]/usr/bin/git config --local http.https://github.com/.extraheader AUTHORIZATION: basic ***
cpp-build-test (ubuntu-latest)	Run actions/checkout@v4	2026-05-28T18:51:34.9890167Z ##[endgroup]
cpp-build-test (ubuntu-latest)	Run actions/checkout@v4	2026-05-28T18:51:34.9890981Z ##[group]Fetching the repository
cpp-build-test (ubuntu-latest)	Run actions/checkout@v4	2026-05-28T18:51:34.9898740Z [command]/usr/bin/git -c protocol.version=2 fetch --no-tags --prune --no-recurse-submodules --depth=1 origin +624ad80cdc8fd75d3dd2dcd99ab8330e88b10667:refs/remotes/origin/main
cpp-build-test (ubuntu-latest)	Run actions/checkout@v4	2026-05-28T18:51:35.8538796Z From https://github.com/kangkabseok2021/cross_platform_signal
cpp-build-test (ubuntu-latest)	Run actions/checkout@v4	2026-05-28T18:51:35.8541668Z  * [new ref]         624ad80cdc8fd75d3dd2dcd99ab8330e88b10667 -> origin/main
cpp-build-test (ubuntu-latest)	Run actions/checkout@v4	2026-05-28T18:51:35.8574196Z ##[endgroup]
cpp-build-test (ubuntu-latest)	Run actions/checkout@v4	2026-05-28T18:51:35.8575800Z ##[group]Determining the checkout info
cpp-build-test (ubuntu-latest)	Run actions/checkout@v4	2026-05-28T18:51:35.8577662Z ##[endgroup]
cpp-build-test (ubuntu-latest)	Run actions/checkout@v4	2026-05-28T18:51:35.8581243Z [command]/usr/bin/git sparse-checkout disable
cpp-build-test (ubuntu-latest)	Run actions/checkout@v4	2026-05-28T18:51:35.8624700Z [command]/usr/bin/git config --local --unset-all extensions.worktreeConfig
cpp-build-test (ubuntu-latest)	Run actions/checkout@v4	2026-05-28T18:51:35.8652064Z ##[group]Checking out the ref
cpp-build-test (ubuntu-latest)	Run actions/checkout@v4	2026-05-28T18:51:35.8656275Z [command]/usr/bin/git checkout --progress --force -B main refs/remotes/origin/main
cpp-build-test (ubuntu-latest)	Run actions/checkout@v4	2026-05-28T18:51:35.9103270Z Switched to a new branch 'main'
cpp-build-test (ubuntu-latest)	Run actions/checkout@v4	2026-05-28T18:51:35.9104901Z branch 'main' set up to track 'origin/main'.
cpp-build-test (ubuntu-latest)	Run actions/checkout@v4	2026-05-28T18:51:35.9114896Z ##[endgroup]
cpp-build-test (ubuntu-latest)	Run actions/checkout@v4	2026-05-28T18:51:35.9157108Z [command]/usr/bin/git log -1 --format=%H
cpp-build-test (ubuntu-latest)	Run actions/checkout@v4	2026-05-28T18:51:35.9180778Z 624ad80cdc8fd75d3dd2dcd99ab8330e88b10667
cpp-build-test (ubuntu-latest)	Configure CMake	﻿2026-05-28T18:51:35.9419224Z ##[group]Run cmake -B build -DCMAKE_BUILD_TYPE=Release -DCMAKE_POLICY_DEFAULT_CMP0135=NEW
cpp-build-test (ubuntu-latest)	Configure CMake	2026-05-28T18:51:35.9422065Z ^[[36;1mcmake -B build -DCMAKE_BUILD_TYPE=Release -DCMAKE_POLICY_DEFAULT_CMP0135=NEW^[[0m
cpp-build-test (ubuntu-latest)	Configure CMake	2026-05-28T18:51:35.9455882Z shell: /usr/bin/bash -e {0}
cpp-build-test (ubuntu-latest)	Configure CMake	2026-05-28T18:51:35.9457087Z ##[endgroup]
cpp-build-test (ubuntu-latest)	Configure CMake	2026-05-28T18:51:36.1215781Z -- The C compiler identification is GNU 13.3.0
cpp-build-test (ubuntu-latest)	Configure CMake	2026-05-28T18:51:36.2392866Z -- The CXX compiler identification is GNU 13.3.0
cpp-build-test (ubuntu-latest)	Configure CMake	2026-05-28T18:51:36.2532596Z -- Detecting C compiler ABI info
cpp-build-test (ubuntu-latest)	Configure CMake	2026-05-28T18:51:36.3270783Z -- Detecting C compiler ABI info - done
cpp-build-test (ubuntu-latest)	Configure CMake	2026-05-28T18:51:36.3446508Z -- Check for working C compiler: /usr/bin/cc - skipped
cpp-build-test (ubuntu-latest)	Configure CMake	2026-05-28T18:51:36.3452664Z -- Detecting C compile features
cpp-build-test (ubuntu-latest)	Configure CMake	2026-05-28T18:51:36.3460259Z -- Detecting C compile features - done
cpp-build-test (ubuntu-latest)	Configure CMake	2026-05-28T18:51:36.3596330Z -- Detecting CXX compiler ABI info
cpp-build-test (ubuntu-latest)	Configure CMake	2026-05-28T18:51:36.4283426Z -- Detecting CXX compiler ABI info - done
cpp-build-test (ubuntu-latest)	Configure CMake	2026-05-28T18:51:36.4462276Z -- Check for working CXX compiler: /usr/bin/c++ - skipped
cpp-build-test (ubuntu-latest)	Configure CMake	2026-05-28T18:51:36.4465579Z -- Detecting CXX compile features
cpp-build-test (ubuntu-latest)	Configure CMake	2026-05-28T18:51:36.4472470Z -- Detecting CXX compile features - done
cpp-build-test (ubuntu-latest)	Configure CMake	2026-05-28T18:51:36.4552787Z -- Performing Test CMAKE_HAVE_LIBC_PTHREAD
cpp-build-test (ubuntu-latest)	Configure CMake	2026-05-28T18:51:36.5334246Z -- Performing Test CMAKE_HAVE_LIBC_PTHREAD - Success
cpp-build-test (ubuntu-latest)	Configure CMake	2026-05-28T18:51:36.5350449Z -- Found Threads: TRUE
cpp-build-test (ubuntu-latest)	Configure CMake	2026-05-28T18:51:38.4515166Z -- Found Python3: /usr/bin/python3.12 (found version "3.12.3") found components: Interpreter
cpp-build-test (ubuntu-latest)	Configure CMake	2026-05-28T18:51:38.4722305Z CMake Error at CMakeLists.txt:121 (find_package):
cpp-build-test (ubuntu-latest)	Configure CMake	2026-05-28T18:51:38.4723402Z   By not providing "FindQt6.cmake" in CMAKE_MODULE_PATH this project has
cpp-build-test (ubuntu-latest)	Configure CMake	2026-05-28T18:51:38.4724107Z   asked CMake to find a package configuration file provided by "Qt6", but
cpp-build-test (ubuntu-latest)	Configure CMake	2026-05-28T18:51:38.4724712Z   CMake did not find one.
cpp-build-test (ubuntu-latest)	Configure CMake	2026-05-28T18:51:38.4724936Z 
cpp-build-test (ubuntu-latest)	Configure CMake	2026-05-28T18:51:38.4725237Z   Could not find a package configuration file provided by "Qt6" with any of
cpp-build-test (ubuntu-latest)	Configure CMake	2026-05-28T18:51:38.4725787Z   the following names:
cpp-build-test (ubuntu-latest)	Configure CMake	2026-05-28T18:51:38.4725990Z 
cpp-build-test (ubuntu-latest)	Configure CMake	2026-05-28T18:51:38.4726221Z     Qt6Config.cmake
cpp-build-test (ubuntu-latest)	Configure CMake	2026-05-28T18:51:38.4726565Z     qt6-config.cmake
cpp-build-test (ubuntu-latest)	Configure CMake	2026-05-28T18:51:38.4726775Z 
cpp-build-test (ubuntu-latest)	Configure CMake	2026-05-28T18:51:38.4727113Z   Add the installation prefix of "Qt6" to CMAKE_PREFIX_PATH or set "Qt6_DIR"
cpp-build-test (ubuntu-latest)	Configure CMake	2026-05-28T18:51:38.4727810Z   to a directory containing one of the above files.  If "Qt6" provides a
cpp-build-test (ubuntu-latest)	Configure CMake	2026-05-28T18:51:38.4728698Z   separate development package or SDK, be sure it has been installed.
cpp-build-test (ubuntu-latest)	Configure CMake	2026-05-28T18:51:38.4729068Z 
cpp-build-test (ubuntu-latest)	Configure CMake	2026-05-28T18:51:38.4729077Z 
cpp-build-test (ubuntu-latest)	Configure CMake	2026-05-28T18:51:38.4729248Z -- Configuring incomplete, errors occurred!
cpp-build-test (ubuntu-latest)	Configure CMake	2026-05-28T18:51:38.4794520Z ##[error]Process completed with exit code 1.
cpp-build-test (ubuntu-latest)	Post Run actions/checkout@v4	﻿2026-05-28T18:51:38.4920583Z Post job cleanup.
cpp-build-test (ubuntu-latest)	Post Run actions/checkout@v4	2026-05-28T18:51:38.5967149Z [command]/usr/bin/git version
cpp-build-test (ubuntu-latest)	Post Run actions/checkout@v4	2026-05-28T18:51:38.6007805Z git version 2.54.0
cpp-build-test (ubuntu-latest)	Post Run actions/checkout@v4	2026-05-28T18:51:38.6052808Z Temporarily overriding HOME='/home/runner/work/_temp/230f4cdf-2882-4b00-9eb5-25e5f7375bfb' before making global git config changes
cpp-build-test (ubuntu-latest)	Post Run actions/checkout@v4	2026-05-28T18:51:38.6053668Z Adding repository directory to the temporary git global config as a safe directory
cpp-build-test (ubuntu-latest)	Post Run actions/checkout@v4	2026-05-28T18:51:38.6060746Z [command]/usr/bin/git config --global --add safe.directory /home/runner/work/cross_platform_signal/cross_platform_signal
cpp-build-test (ubuntu-latest)	Post Run actions/checkout@v4	2026-05-28T18:51:38.6103757Z [command]/usr/bin/git config --local --name-only --get-regexp core\.sshCommand
cpp-build-test (ubuntu-latest)	Post Run actions/checkout@v4	2026-05-28T18:51:38.6139450Z [command]/usr/bin/git submodule foreach --recursive sh -c "git config --local --name-only --get-regexp 'core\.sshCommand' && git config --local --unset-all 'core.sshCommand' || :"
cpp-build-test (ubuntu-latest)	Post Run actions/checkout@v4	2026-05-28T18:51:38.6382322Z [command]/usr/bin/git config --local --name-only --get-regexp http\.https\:\/\/github\.com\/\.extraheader
cpp-build-test (ubuntu-latest)	Post Run actions/checkout@v4	2026-05-28T18:51:38.6408546Z http.https://github.com/.extraheader
cpp-build-test (ubuntu-latest)	Post Run actions/checkout@v4	2026-05-28T18:51:38.6424265Z [command]/usr/bin/git config --local --unset-all http.https://github.com/.extraheader
cpp-build-test (ubuntu-latest)	Post Run actions/checkout@v4	2026-05-28T18:51:38.6456811Z [command]/usr/bin/git submodule foreach --recursive sh -c "git config --local --name-only --get-regexp 'http\.https\:\/\/github\.com\/\.extraheader' && git config --local --unset-all 'http.https://github.com/.extraheader' || :"
cpp-build-test (ubuntu-latest)	Post Run actions/checkout@v4	2026-05-28T18:51:38.6698486Z [command]/usr/bin/git config --local --name-only --get-regexp ^includeIf\.gitdir:
cpp-build-test (ubuntu-latest)	Post Run actions/checkout@v4	2026-05-28T18:51:38.6736626Z [command]/usr/bin/git submodule foreach --recursive git config --local --show-origin --name-only --get-regexp remote.origin.url
cpp-build-test (ubuntu-latest)	Complete job	﻿2026-05-28T18:51:38.7212529Z Cleaning up orphan processes
cpp-build-test (ubuntu-latest)	Complete job	2026-05-28T18:51:38.7505226Z ##[warning]Node.js 20 actions are deprecated. The following actions are running on Node.js 20 and may not work as expected: actions/checkout@v4. Actions will be forced to run with Node.js 24 by default starting June 2nd, 2026. Node.js 20 will be removed from the runner on September 16th, 2026. Please check if updated versions of these actions are available that support Node.js 24. To opt into Node.js 24 now, set the FORCE_JAVASCRIPT_ACTIONS_TO_NODE24=true environment variable on the runner or in your workflow file. Once Node.js 24 becomes the default, you can temporarily opt out by setting ACTIONS_ALLOW_USE_UNSECURE_NODE_VERSION=true. For more information see: https://github.blog/changelog/2025-09-19-deprecation-of-node-20-on-github-actions-runners/
CT backend — 6 GoogleTests (ubuntu, no Qt)	Set up job	﻿2026-05-28T18:51:33.5350114Z Current runner version: '2.334.0'
CT backend — 6 GoogleTests (ubuntu, no Qt)	Set up job	2026-05-28T18:51:33.5387908Z ##[group]Runner Image Provisioner
CT backend — 6 GoogleTests (ubuntu, no Qt)	Set up job	2026-05-28T18:51:33.5389232Z Hosted Compute Agent
CT backend — 6 GoogleTests (ubuntu, no Qt)	Set up job	2026-05-28T18:51:33.5390279Z Version: 20260520.533
CT backend — 6 GoogleTests (ubuntu, no Qt)	Set up job	2026-05-28T18:51:33.5391260Z Commit: 189110e25284a9812c124fd27b339e2fb4f2f9db
CT backend — 6 GoogleTests (ubuntu, no Qt)	Set up job	2026-05-28T18:51:33.5392743Z Build Date: 2026-05-20T17:44:04Z
CT backend — 6 GoogleTests (ubuntu, no Qt)	Set up job	2026-05-28T18:51:33.5394059Z Worker ID: {b0c9e806-6e79-48b7-a8e7-82fae64e06c7}
CT backend — 6 GoogleTests (ubuntu, no Qt)	Set up job	2026-05-28T18:51:33.5395280Z Azure Region: eastus
CT backend — 6 GoogleTests (ubuntu, no Qt)	Set up job	2026-05-28T18:51:33.5396315Z ##[endgroup]
CT backend — 6 GoogleTests (ubuntu, no Qt)	Set up job	2026-05-28T18:51:33.5398968Z ##[group]Operating System
CT backend — 6 GoogleTests (ubuntu, no Qt)	Set up job	2026-05-28T18:51:33.5400040Z Ubuntu
CT backend — 6 GoogleTests (ubuntu, no Qt)	Set up job	2026-05-28T18:51:33.5400928Z 24.04.4
CT backend — 6 GoogleTests (ubuntu, no Qt)	Set up job	2026-05-28T18:51:33.5401760Z LTS
CT backend — 6 GoogleTests (ubuntu, no Qt)	Set up job	2026-05-28T18:51:33.5403107Z ##[endgroup]
CT backend — 6 GoogleTests (ubuntu, no Qt)	Set up job	2026-05-28T18:51:33.5403996Z ##[group]Runner Image
CT backend — 6 GoogleTests (ubuntu, no Qt)	Set up job	2026-05-28T18:51:33.5404938Z Image: ubuntu-24.04
CT backend — 6 GoogleTests (ubuntu, no Qt)	Set up job	2026-05-28T18:51:33.5406041Z Version: 20260525.161.1
CT backend — 6 GoogleTests (ubuntu, no Qt)	Set up job	2026-05-28T18:51:33.5407837Z Included Software: https://github.com/actions/runner-images/blob/ubuntu24/20260525.161/images/ubuntu/Ubuntu2404-Readme.md
CT backend — 6 GoogleTests (ubuntu, no Qt)	Set up job	2026-05-28T18:51:33.5410891Z Image Release: https://github.com/actions/runner-images/releases/tag/ubuntu24%2F20260525.161
CT backend — 6 GoogleTests (ubuntu, no Qt)	Set up job	2026-05-28T18:51:33.5412918Z ##[endgroup]
CT backend — 6 GoogleTests (ubuntu, no Qt)	Set up job	2026-05-28T18:51:33.5414949Z ##[group]GITHUB_TOKEN Permissions
CT backend — 6 GoogleTests (ubuntu, no Qt)	Set up job	2026-05-28T18:51:33.5417906Z Contents: read
CT backend — 6 GoogleTests (ubuntu, no Qt)	Set up job	2026-05-28T18:51:33.5418905Z Metadata: read
CT backend — 6 GoogleTests (ubuntu, no Qt)	Set up job	2026-05-28T18:51:33.5420242Z Packages: read
CT backend — 6 GoogleTests (ubuntu, no Qt)	Set up job	2026-05-28T18:51:33.5421294Z ##[endgroup]
CT backend — 6 GoogleTests (ubuntu, no Qt)	Set up job	2026-05-28T18:51:33.5424635Z Secret source: Actions
CT backend — 6 GoogleTests (ubuntu, no Qt)	Set up job	2026-05-28T18:51:33.5426138Z Prepare workflow directory
CT backend — 6 GoogleTests (ubuntu, no Qt)	Set up job	2026-05-28T18:51:33.5908547Z Prepare all required actions
CT backend — 6 GoogleTests (ubuntu, no Qt)	Set up job	2026-05-28T18:51:33.5947378Z Getting action download info
CT backend — 6 GoogleTests (ubuntu, no Qt)	Set up job	2026-05-28T18:51:33.9125363Z Download action repository 'actions/checkout@v4' (SHA:34e114876b0b11c390a56381ad16ebd13914f8d5)
CT backend — 6 GoogleTests (ubuntu, no Qt)	Set up job	2026-05-28T18:51:34.1568030Z Complete job name: CT backend — 6 GoogleTests (ubuntu, no Qt)
CT backend — 6 GoogleTests (ubuntu, no Qt)	Run actions/checkout@v4	﻿2026-05-28T18:51:34.2555854Z ##[group]Run actions/checkout@v4
CT backend — 6 GoogleTests (ubuntu, no Qt)	Run actions/checkout@v4	2026-05-28T18:51:34.2556909Z with:
CT backend — 6 GoogleTests (ubuntu, no Qt)	Run actions/checkout@v4	2026-05-28T18:51:34.2557451Z   repository: kangkabseok2021/cross_platform_signal
CT backend — 6 GoogleTests (ubuntu, no Qt)	Run actions/checkout@v4	2026-05-28T18:51:34.2562507Z   token: ***
CT backend — 6 GoogleTests (ubuntu, no Qt)	Run actions/checkout@v4	2026-05-28T18:51:34.2562979Z   ssh-strict: true
CT backend — 6 GoogleTests (ubuntu, no Qt)	Run actions/checkout@v4	2026-05-28T18:51:34.2563437Z   ssh-user: git
CT backend — 6 GoogleTests (ubuntu, no Qt)	Run actions/checkout@v4	2026-05-28T18:51:34.2563892Z   persist-credentials: true
CT backend — 6 GoogleTests (ubuntu, no Qt)	Run actions/checkout@v4	2026-05-28T18:51:34.2564388Z   clean: true
CT backend — 6 GoogleTests (ubuntu, no Qt)	Run actions/checkout@v4	2026-05-28T18:51:34.2564838Z   sparse-checkout-cone-mode: true
CT backend — 6 GoogleTests (ubuntu, no Qt)	Run actions/checkout@v4	2026-05-28T18:51:34.2565373Z   fetch-depth: 1
CT backend — 6 GoogleTests (ubuntu, no Qt)	Run actions/checkout@v4	2026-05-28T18:51:34.2565814Z   fetch-tags: false
CT backend — 6 GoogleTests (ubuntu, no Qt)	Run actions/checkout@v4	2026-05-28T18:51:34.2566372Z   show-progress: true
CT backend — 6 GoogleTests (ubuntu, no Qt)	Run actions/checkout@v4	2026-05-28T18:51:34.2566893Z   lfs: false
CT backend — 6 GoogleTests (ubuntu, no Qt)	Run actions/checkout@v4	2026-05-28T18:51:34.2567321Z   submodules: false
CT backend — 6 GoogleTests (ubuntu, no Qt)	Run actions/checkout@v4	2026-05-28T18:51:34.2567778Z   set-safe-directory: true
CT backend — 6 GoogleTests (ubuntu, no Qt)	Run actions/checkout@v4	2026-05-28T18:51:34.2568596Z ##[endgroup]
CT backend — 6 GoogleTests (ubuntu, no Qt)	Run actions/checkout@v4	2026-05-28T18:51:34.3780060Z Syncing repository: kangkabseok2021/cross_platform_signal
CT backend — 6 GoogleTests (ubuntu, no Qt)	Run actions/checkout@v4	2026-05-28T18:51:34.3782470Z ##[group]Getting Git version info
CT backend — 6 GoogleTests (ubuntu, no Qt)	Run actions/checkout@v4	2026-05-28T18:51:34.3783379Z Working directory is '/home/runner/work/cross_platform_signal/cross_platform_signal'
CT backend — 6 GoogleTests (ubuntu, no Qt)	Run actions/checkout@v4	2026-05-28T18:51:34.3784605Z [command]/usr/bin/git version
CT backend — 6 GoogleTests (ubuntu, no Qt)	Run actions/checkout@v4	2026-05-28T18:51:34.3887074Z git version 2.54.0
CT backend — 6 GoogleTests (ubuntu, no Qt)	Run actions/checkout@v4	2026-05-28T18:51:34.3915014Z ##[endgroup]
CT backend — 6 GoogleTests (ubuntu, no Qt)	Run actions/checkout@v4	2026-05-28T18:51:34.3938009Z Temporarily overriding HOME='/home/runner/work/_temp/0d9611d4-149a-49d9-9ef9-04b90926ebdd' before making global git config changes
CT backend — 6 GoogleTests (ubuntu, no Qt)	Run actions/checkout@v4	2026-05-28T18:51:34.3939575Z Adding repository directory to the temporary git global config as a safe directory
CT backend — 6 GoogleTests (ubuntu, no Qt)	Run actions/checkout@v4	2026-05-28T18:51:34.3944222Z [command]/usr/bin/git config --global --add safe.directory /home/runner/work/cross_platform_signal/cross_platform_signal
CT backend — 6 GoogleTests (ubuntu, no Qt)	Run actions/checkout@v4	2026-05-28T18:51:34.3998513Z Deleting the contents of '/home/runner/work/cross_platform_signal/cross_platform_signal'
CT backend — 6 GoogleTests (ubuntu, no Qt)	Run actions/checkout@v4	2026-05-28T18:51:34.4002646Z ##[group]Initializing the repository
CT backend — 6 GoogleTests (ubuntu, no Qt)	Run actions/checkout@v4	2026-05-28T18:51:34.4007130Z [command]/usr/bin/git init /home/runner/work/cross_platform_signal/cross_platform_signal
CT backend — 6 GoogleTests (ubuntu, no Qt)	Run actions/checkout@v4	2026-05-28T18:51:34.4126235Z hint: Using 'master' as the name for the initial branch. This default branch name
CT backend — 6 GoogleTests (ubuntu, no Qt)	Run actions/checkout@v4	2026-05-28T18:51:34.4127977Z hint: will change to "main" in Git 3.0. To configure the initial branch name
CT backend — 6 GoogleTests (ubuntu, no Qt)	Run actions/checkout@v4	2026-05-28T18:51:34.4129364Z hint: to use in all of your new repositories, which will suppress this warning,
CT backend — 6 GoogleTests (ubuntu, no Qt)	Run actions/checkout@v4	2026-05-28T18:51:34.4130805Z hint: call:
CT backend — 6 GoogleTests (ubuntu, no Qt)	Run actions/checkout@v4	2026-05-28T18:51:34.4131347Z hint:
CT backend — 6 GoogleTests (ubuntu, no Qt)	Run actions/checkout@v4	2026-05-28T18:51:34.4132729Z hint: 	git config --global init.defaultBranch <name>
CT backend — 6 GoogleTests (ubuntu, no Qt)	Run actions/checkout@v4	2026-05-28T18:51:34.4134112Z hint:
CT backend — 6 GoogleTests (ubuntu, no Qt)	Run actions/checkout@v4	2026-05-28T18:51:34.4135012Z hint: Names commonly chosen instead of 'master' are 'main', 'trunk' and
CT backend — 6 GoogleTests (ubuntu, no Qt)	Run actions/checkout@v4	2026-05-28T18:51:34.4136289Z hint: 'development'. The just-created branch can be renamed via this command:
CT backend — 6 GoogleTests (ubuntu, no Qt)	Run actions/checkout@v4	2026-05-28T18:51:34.4137299Z hint:
CT backend — 6 GoogleTests (ubuntu, no Qt)	Run actions/checkout@v4	2026-05-28T18:51:34.4137853Z hint: 	git branch -m <name>
CT backend — 6 GoogleTests (ubuntu, no Qt)	Run actions/checkout@v4	2026-05-28T18:51:34.4138488Z hint:
CT backend — 6 GoogleTests (ubuntu, no Qt)	Run actions/checkout@v4	2026-05-28T18:51:34.4139375Z hint: Disable this message with "git config set advice.defaultBranchName false"
CT backend — 6 GoogleTests (ubuntu, no Qt)	Run actions/checkout@v4	2026-05-28T18:51:34.4140942Z Initialized empty Git repository in /home/runner/work/cross_platform_signal/cross_platform_signal/.git/
CT backend — 6 GoogleTests (ubuntu, no Qt)	Run actions/checkout@v4	2026-05-28T18:51:34.4147026Z [command]/usr/bin/git remote add origin https://github.com/kangkabseok2021/cross_platform_signal
CT backend — 6 GoogleTests (ubuntu, no Qt)	Run actions/checkout@v4	2026-05-28T18:51:34.4193008Z ##[endgroup]
CT backend — 6 GoogleTests (ubuntu, no Qt)	Run actions/checkout@v4	2026-05-28T18:51:34.4193908Z ##[group]Disabling automatic garbage collection
CT backend — 6 GoogleTests (ubuntu, no Qt)	Run actions/checkout@v4	2026-05-28T18:51:34.4197256Z [command]/usr/bin/git config --local gc.auto 0
CT backend — 6 GoogleTests (ubuntu, no Qt)	Run actions/checkout@v4	2026-05-28T18:51:34.4226264Z ##[endgroup]
CT backend — 6 GoogleTests (ubuntu, no Qt)	Run actions/checkout@v4	2026-05-28T18:51:34.4227028Z ##[group]Setting up auth
CT backend — 6 GoogleTests (ubuntu, no Qt)	Run actions/checkout@v4	2026-05-28T18:51:34.4233644Z [command]/usr/bin/git config --local --name-only --get-regexp core\.sshCommand
CT backend — 6 GoogleTests (ubuntu, no Qt)	Run actions/checkout@v4	2026-05-28T18:51:34.4266827Z [command]/usr/bin/git submodule foreach --recursive sh -c "git config --local --name-only --get-regexp 'core\.sshCommand' && git config --local --unset-all 'core.sshCommand' || :"
CT backend — 6 GoogleTests (ubuntu, no Qt)	Run actions/checkout@v4	2026-05-28T18:51:34.4643459Z [command]/usr/bin/git config --local --name-only --get-regexp http\.https\:\/\/github\.com\/\.extraheader
CT backend — 6 GoogleTests (ubuntu, no Qt)	Run actions/checkout@v4	2026-05-28T18:51:34.4673885Z [command]/usr/bin/git submodule foreach --recursive sh -c "git config --local --name-only --get-regexp 'http\.https\:\/\/github\.com\/\.extraheader' && git config --local --unset-all 'http.https://github.com/.extraheader' || :"
CT backend — 6 GoogleTests (ubuntu, no Qt)	Run actions/checkout@v4	2026-05-28T18:51:34.4899789Z [command]/usr/bin/git config --local --name-only --get-regexp ^includeIf\.gitdir:
CT backend — 6 GoogleTests (ubuntu, no Qt)	Run actions/checkout@v4	2026-05-28T18:51:34.4938692Z [command]/usr/bin/git submodule foreach --recursive git config --local --show-origin --name-only --get-regexp remote.origin.url
CT backend — 6 GoogleTests (ubuntu, no Qt)	Run actions/checkout@v4	2026-05-28T18:51:34.5188372Z [command]/usr/bin/git config --local http.https://github.com/.extraheader AUTHORIZATION: basic ***
CT backend — 6 GoogleTests (ubuntu, no Qt)	Run actions/checkout@v4	2026-05-28T18:51:34.5227822Z ##[endgroup]
CT backend — 6 GoogleTests (ubuntu, no Qt)	Run actions/checkout@v4	2026-05-28T18:51:34.5229138Z ##[group]Fetching the repository
CT backend — 6 GoogleTests (ubuntu, no Qt)	Run actions/checkout@v4	2026-05-28T18:51:34.5238121Z [command]/usr/bin/git -c protocol.version=2 fetch --no-tags --prune --no-recurse-submodules --depth=1 origin +624ad80cdc8fd75d3dd2dcd99ab8330e88b10667:refs/remotes/origin/main
CT backend — 6 GoogleTests (ubuntu, no Qt)	Run actions/checkout@v4	2026-05-28T18:51:34.8235863Z From https://github.com/kangkabseok2021/cross_platform_signal
CT backend — 6 GoogleTests (ubuntu, no Qt)	Run actions/checkout@v4	2026-05-28T18:51:34.8237775Z  * [new ref]         624ad80cdc8fd75d3dd2dcd99ab8330e88b10667 -> origin/main
CT backend — 6 GoogleTests (ubuntu, no Qt)	Run actions/checkout@v4	2026-05-28T18:51:34.8287187Z ##[endgroup]
CT backend — 6 GoogleTests (ubuntu, no Qt)	Run actions/checkout@v4	2026-05-28T18:51:34.8288579Z ##[group]Determining the checkout info
CT backend — 6 GoogleTests (ubuntu, no Qt)	Run actions/checkout@v4	2026-05-28T18:51:34.8290174Z ##[endgroup]
CT backend — 6 GoogleTests (ubuntu, no Qt)	Run actions/checkout@v4	2026-05-28T18:51:34.8297587Z [command]/usr/bin/git sparse-checkout disable
CT backend — 6 GoogleTests (ubuntu, no Qt)	Run actions/checkout@v4	2026-05-28T18:51:34.8352473Z [command]/usr/bin/git config --local --unset-all extensions.worktreeConfig
CT backend — 6 GoogleTests (ubuntu, no Qt)	Run actions/checkout@v4	2026-05-28T18:51:34.8383939Z ##[group]Checking out the ref
CT backend — 6 GoogleTests (ubuntu, no Qt)	Run actions/checkout@v4	2026-05-28T18:51:34.8389865Z [command]/usr/bin/git checkout --progress --force -B main refs/remotes/origin/main
CT backend — 6 GoogleTests (ubuntu, no Qt)	Run actions/checkout@v4	2026-05-28T18:51:34.8818265Z Switched to a new branch 'main'
CT backend — 6 GoogleTests (ubuntu, no Qt)	Run actions/checkout@v4	2026-05-28T18:51:34.8820196Z branch 'main' set up to track 'origin/main'.
CT backend — 6 GoogleTests (ubuntu, no Qt)	Run actions/checkout@v4	2026-05-28T18:51:34.8827404Z ##[endgroup]
CT backend — 6 GoogleTests (ubuntu, no Qt)	Run actions/checkout@v4	2026-05-28T18:51:34.8871233Z [command]/usr/bin/git log -1 --format=%H
CT backend — 6 GoogleTests (ubuntu, no Qt)	Run actions/checkout@v4	2026-05-28T18:51:34.8894088Z 624ad80cdc8fd75d3dd2dcd99ab8330e88b10667
CT backend — 6 GoogleTests (ubuntu, no Qt)	Install TBB (for par_unseq on Linux)	﻿2026-05-28T18:51:34.9127521Z ##[group]Run sudo apt-get update -qq && sudo apt-get install -y libtbb-dev
CT backend — 6 GoogleTests (ubuntu, no Qt)	Install TBB (for par_unseq on Linux)	2026-05-28T18:51:34.9129984Z ^[[36;1msudo apt-get update -qq && sudo apt-get install -y libtbb-dev^[[0m
CT backend — 6 GoogleTests (ubuntu, no Qt)	Install TBB (for par_unseq on Linux)	2026-05-28T18:51:34.9164526Z shell: /usr/bin/bash -e {0}
CT backend — 6 GoogleTests (ubuntu, no Qt)	Install TBB (for par_unseq on Linux)	2026-05-28T18:51:34.9165747Z ##[endgroup]
CT backend — 6 GoogleTests (ubuntu, no Qt)	Install TBB (for par_unseq on Linux)	2026-05-28T18:51:41.7660013Z Reading package lists...
CT backend — 6 GoogleTests (ubuntu, no Qt)	Install TBB (for par_unseq on Linux)	2026-05-28T18:51:42.0316821Z Building dependency tree...
CT backend — 6 GoogleTests (ubuntu, no Qt)	Install TBB (for par_unseq on Linux)	2026-05-28T18:51:42.0326402Z Reading state information...
CT backend — 6 GoogleTests (ubuntu, no Qt)	Install TBB (for par_unseq on Linux)	2026-05-28T18:51:42.3647408Z The following additional packages will be installed:
CT backend — 6 GoogleTests (ubuntu, no Qt)	Install TBB (for par_unseq on Linux)	2026-05-28T18:51:42.3651707Z   libhwloc-plugins libhwloc15 libtbb12 libtbbbind-2-5 libtbbmalloc2
CT backend — 6 GoogleTests (ubuntu, no Qt)	Install TBB (for par_unseq on Linux)	2026-05-28T18:51:42.3658557Z   libxnvctrl0 ocl-icd-libopencl1
CT backend — 6 GoogleTests (ubuntu, no Qt)	Install TBB (for par_unseq on Linux)	2026-05-28T18:51:42.3670682Z Suggested packages:
CT backend — 6 GoogleTests (ubuntu, no Qt)	Install TBB (for par_unseq on Linux)	2026-05-28T18:51:42.3671438Z   libhwloc-contrib-plugins libtbb-doc opencl-icd
CT backend — 6 GoogleTests (ubuntu, no Qt)	Install TBB (for par_unseq on Linux)	2026-05-28T18:51:42.3950541Z The following NEW packages will be installed:
CT backend — 6 GoogleTests (ubuntu, no Qt)	Install TBB (for par_unseq on Linux)	2026-05-28T18:51:42.3968978Z   libhwloc-plugins libhwloc15 libtbb-dev libtbb12 libtbbbind-2-5 libtbbmalloc2
CT backend — 6 GoogleTests (ubuntu, no Qt)	Install TBB (for par_unseq on Linux)	2026-05-28T18:51:42.3970171Z   libxnvctrl0 ocl-icd-libopencl1
CT backend — 6 GoogleTests (ubuntu, no Qt)	Install TBB (for par_unseq on Linux)	2026-05-28T18:51:42.4235867Z 0 upgraded, 8 newly installed, 0 to remove and 40 not upgraded.
CT backend — 6 GoogleTests (ubuntu, no Qt)	Install TBB (for par_unseq on Linux)	2026-05-28T18:51:42.4237018Z Need to get 676 kB of archives.
CT backend — 6 GoogleTests (ubuntu, no Qt)	Install TBB (for par_unseq on Linux)	2026-05-28T18:51:42.4237622Z After this operation, 2683 kB of additional disk space will be used.
CT backend — 6 GoogleTests (ubuntu, no Qt)	Install TBB (for par_unseq on Linux)	2026-05-28T18:51:42.4238363Z Get:1 file:/etc/apt/apt-mirrors.txt Mirrorlist [144 B]
CT backend — 6 GoogleTests (ubuntu, no Qt)	Install TBB (for par_unseq on Linux)	2026-05-28T18:51:42.4571011Z Get:2 http://azure.archive.ubuntu.com/ubuntu noble/universe amd64 libhwloc15 amd64 2.10.0-1build1 [172 kB]
CT backend — 6 GoogleTests (ubuntu, no Qt)	Install TBB (for par_unseq on Linux)	2026-05-28T18:51:42.4874205Z Get:3 http://azure.archive.ubuntu.com/ubuntu noble/universe amd64 libtbbmalloc2 amd64 2021.11.0-2ubuntu2 [60.5 kB]
CT backend — 6 GoogleTests (ubuntu, no Qt)	Install TBB (for par_unseq on Linux)	2026-05-28T18:51:42.4962496Z Get:4 http://azure.archive.ubuntu.com/ubuntu noble/universe amd64 libtbbbind-2-5 amd64 2021.11.0-2ubuntu2 [16.4 kB]
CT backend — 6 GoogleTests (ubuntu, no Qt)	Install TBB (for par_unseq on Linux)	2026-05-28T18:51:42.5050124Z Get:5 http://azure.archive.ubuntu.com/ubuntu noble/universe amd64 libtbb12 amd64 2021.11.0-2ubuntu2 [106 kB]
CT backend — 6 GoogleTests (ubuntu, no Qt)	Install TBB (for par_unseq on Linux)	2026-05-28T18:51:42.5155806Z Get:6 http://azure.archive.ubuntu.com/ubuntu noble-updates/main amd64 libxnvctrl0 amd64 510.47.03-0ubuntu4.24.04.1 [12.7 kB]
CT backend — 6 GoogleTests (ubuntu, no Qt)	Install TBB (for par_unseq on Linux)	2026-05-28T18:51:42.5237552Z Get:7 http://azure.archive.ubuntu.com/ubuntu noble/universe amd64 ocl-icd-libopencl1 amd64 2.3.2-1build1 [38.5 kB]
CT backend — 6 GoogleTests (ubuntu, no Qt)	Install TBB (for par_unseq on Linux)	2026-05-28T18:51:42.5323915Z Get:8 http://azure.archive.ubuntu.com/ubuntu noble/universe amd64 libhwloc-plugins amd64 2.10.0-1build1 [15.7 kB]
CT backend — 6 GoogleTests (ubuntu, no Qt)	Install TBB (for par_unseq on Linux)	2026-05-28T18:51:42.5404418Z Get:9 http://azure.archive.ubuntu.com/ubuntu noble/universe amd64 libtbb-dev amd64 2021.11.0-2ubuntu2 [253 kB]
CT backend — 6 GoogleTests (ubuntu, no Qt)	Install TBB (for par_unseq on Linux)	2026-05-28T18:51:42.8467218Z Fetched 676 kB in 0s (5127 kB/s)
CT backend — 6 GoogleTests (ubuntu, no Qt)	Install TBB (for par_unseq on Linux)	2026-05-28T18:51:42.8724338Z Selecting previously unselected package libhwloc15:amd64.
CT backend — 6 GoogleTests (ubuntu, no Qt)	Install TBB (for par_unseq on Linux)	2026-05-28T18:51:42.9069947Z (Reading database ... 
CT backend — 6 GoogleTests (ubuntu, no Qt)	Install TBB (for par_unseq on Linux)	2026-05-28T18:51:42.9070714Z (Reading database ... 5%
CT backend — 6 GoogleTests (ubuntu, no Qt)	Install TBB (for par_unseq on Linux)	2026-05-28T18:51:42.9071393Z (Reading database ... 10%
CT backend — 6 GoogleTests (ubuntu, no Qt)	Install TBB (for par_unseq on Linux)	2026-05-28T18:51:42.9072588Z (Reading database ... 15%
CT backend — 6 GoogleTests (ubuntu, no Qt)	Install TBB (for par_unseq on Linux)	2026-05-28T18:51:42.9073468Z (Reading database ... 20%
CT backend — 6 GoogleTests (ubuntu, no Qt)	Install TBB (for par_unseq on Linux)	2026-05-28T18:51:42.9074160Z (Reading database ... 25%
CT backend — 6 GoogleTests (ubuntu, no Qt)	Install TBB (for par_unseq on Linux)	2026-05-28T18:51:42.9074817Z (Reading database ... 30%
CT backend — 6 GoogleTests (ubuntu, no Qt)	Install TBB (for par_unseq on Linux)	2026-05-28T18:51:42.9075630Z (Reading database ... 35%
CT backend — 6 GoogleTests (ubuntu, no Qt)	Install TBB (for par_unseq on Linux)	2026-05-28T18:51:42.9076286Z (Reading database ... 40%
CT backend — 6 GoogleTests (ubuntu, no Qt)	Install TBB (for par_unseq on Linux)	2026-05-28T18:51:42.9077095Z (Reading database ... 45%
CT backend — 6 GoogleTests (ubuntu, no Qt)	Install TBB (for par_unseq on Linux)	2026-05-28T18:51:42.9077953Z (Reading database ... 50%
CT backend — 6 GoogleTests (ubuntu, no Qt)	Install TBB (for par_unseq on Linux)	2026-05-28T18:51:42.9142524Z (Reading database ... 55%
CT backend — 6 GoogleTests (ubuntu, no Qt)	Install TBB (for par_unseq on Linux)	2026-05-28T18:51:43.0143800Z (Reading database ... 60%
CT backend — 6 GoogleTests (ubuntu, no Qt)	Install TBB (for par_unseq on Linux)	2026-05-28T18:51:43.1708320Z (Reading database ... 65%
CT backend — 6 GoogleTests (ubuntu, no Qt)	Install TBB (for par_unseq on Linux)	2026-05-28T18:51:43.3215378Z (Reading database ... 70%
CT backend — 6 GoogleTests (ubuntu, no Qt)	Install TBB (for par_unseq on Linux)	2026-05-28T18:51:43.4355218Z (Reading database ... 75%
CT backend — 6 GoogleTests (ubuntu, no Qt)	Install TBB (for par_unseq on Linux)	2026-05-28T18:51:43.5227569Z (Reading database ... 80%
CT backend — 6 GoogleTests (ubuntu, no Qt)	Install TBB (for par_unseq on Linux)	2026-05-28T18:51:43.6863477Z (Reading database ... 85%
CT backend — 6 GoogleTests (ubuntu, no Qt)	Install TBB (for par_unseq on Linux)	2026-05-28T18:51:43.8186532Z (Reading database ... 90%
CT backend — 6 GoogleTests (ubuntu, no Qt)	Install TBB (for par_unseq on Linux)	2026-05-28T18:51:43.9263736Z (Reading database ... 95%
CT backend — 6 GoogleTests (ubuntu, no Qt)	Install TBB (for par_unseq on Linux)	2026-05-28T18:51:43.9264676Z (Reading database ... 100%
CT backend — 6 GoogleTests (ubuntu, no Qt)	Install TBB (for par_unseq on Linux)	2026-05-28T18:51:43.9265521Z (Reading database ... 202271 files and directories currently installed.)
CT backend — 6 GoogleTests (ubuntu, no Qt)	Install TBB (for par_unseq on Linux)	2026-05-28T18:51:43.9312194Z Preparing to unpack .../0-libhwloc15_2.10.0-1build1_amd64.deb ...
CT backend — 6 GoogleTests (ubuntu, no Qt)	Install TBB (for par_unseq on Linux)	2026-05-28T18:51:43.9357810Z Unpacking libhwloc15:amd64 (2.10.0-1build1) ...
CT backend — 6 GoogleTests (ubuntu, no Qt)	Install TBB (for par_unseq on Linux)	2026-05-28T18:51:43.9660934Z Selecting previously unselected package libtbbmalloc2:amd64.
CT backend — 6 GoogleTests (ubuntu, no Qt)	Install TBB (for par_unseq on Linux)	2026-05-28T18:51:43.9794362Z Preparing to unpack .../1-libtbbmalloc2_2021.11.0-2ubuntu2_amd64.deb ...
CT backend — 6 GoogleTests (ubuntu, no Qt)	Install TBB (for par_unseq on Linux)	2026-05-28T18:51:43.9807682Z Unpacking libtbbmalloc2:amd64 (2021.11.0-2ubuntu2) ...
CT backend — 6 GoogleTests (ubuntu, no Qt)	Install TBB (for par_unseq on Linux)	2026-05-28T18:51:44.0064430Z Selecting previously unselected package libtbbbind-2-5:amd64.
CT backend — 6 GoogleTests (ubuntu, no Qt)	Install TBB (for par_unseq on Linux)	2026-05-28T18:51:44.0199189Z Preparing to unpack .../2-libtbbbind-2-5_2021.11.0-2ubuntu2_amd64.deb ...
CT backend — 6 GoogleTests (ubuntu, no Qt)	Install TBB (for par_unseq on Linux)	2026-05-28T18:51:44.0213327Z Unpacking libtbbbind-2-5:amd64 (2021.11.0-2ubuntu2) ...
CT backend — 6 GoogleTests (ubuntu, no Qt)	Install TBB (for par_unseq on Linux)	2026-05-28T18:51:44.0594886Z Selecting previously unselected package libtbb12:amd64.
CT backend — 6 GoogleTests (ubuntu, no Qt)	Install TBB (for par_unseq on Linux)	2026-05-28T18:51:44.0730066Z Preparing to unpack .../3-libtbb12_2021.11.0-2ubuntu2_amd64.deb ...
CT backend — 6 GoogleTests (ubuntu, no Qt)	Install TBB (for par_unseq on Linux)	2026-05-28T18:51:44.0742848Z Unpacking libtbb12:amd64 (2021.11.0-2ubuntu2) ...
CT backend — 6 GoogleTests (ubuntu, no Qt)	Install TBB (for par_unseq on Linux)	2026-05-28T18:51:44.0991542Z Selecting previously unselected package libxnvctrl0:amd64.
CT backend — 6 GoogleTests (ubuntu, no Qt)	Install TBB (for par_unseq on Linux)	2026-05-28T18:51:44.1130675Z Preparing to unpack .../4-libxnvctrl0_510.47.03-0ubuntu4.24.04.1_amd64.deb ...
CT backend — 6 GoogleTests (ubuntu, no Qt)	Install TBB (for par_unseq on Linux)	2026-05-28T18:51:44.1142740Z Unpacking libxnvctrl0:amd64 (510.47.03-0ubuntu4.24.04.1) ...
CT backend — 6 GoogleTests (ubuntu, no Qt)	Install TBB (for par_unseq on Linux)	2026-05-28T18:51:44.1395719Z Selecting previously unselected package ocl-icd-libopencl1:amd64.
CT backend — 6 GoogleTests (ubuntu, no Qt)	Install TBB (for par_unseq on Linux)	2026-05-28T18:51:44.1529187Z Preparing to unpack .../5-ocl-icd-libopencl1_2.3.2-1build1_amd64.deb ...
CT backend — 6 GoogleTests (ubuntu, no Qt)	Install TBB (for par_unseq on Linux)	2026-05-28T18:51:44.1541831Z Unpacking ocl-icd-libopencl1:amd64 (2.3.2-1build1) ...
CT backend — 6 GoogleTests (ubuntu, no Qt)	Install TBB (for par_unseq on Linux)	2026-05-28T18:51:44.1828604Z Selecting previously unselected package libhwloc-plugins:amd64.
CT backend — 6 GoogleTests (ubuntu, no Qt)	Install TBB (for par_unseq on Linux)	2026-05-28T18:51:44.1962916Z Preparing to unpack .../6-libhwloc-plugins_2.10.0-1build1_amd64.deb ...
CT backend — 6 GoogleTests (ubuntu, no Qt)	Install TBB (for par_unseq on Linux)	2026-05-28T18:51:44.1975543Z Unpacking libhwloc-plugins:amd64 (2.10.0-1build1) ...
CT backend — 6 GoogleTests (ubuntu, no Qt)	Install TBB (for par_unseq on Linux)	2026-05-28T18:51:44.2218995Z Selecting previously unselected package libtbb-dev:amd64.
CT backend — 6 GoogleTests (ubuntu, no Qt)	Install TBB (for par_unseq on Linux)	2026-05-28T18:51:44.2369352Z Preparing to unpack .../7-libtbb-dev_2021.11.0-2ubuntu2_amd64.deb ...
CT backend — 6 GoogleTests (ubuntu, no Qt)	Install TBB (for par_unseq on Linux)	2026-05-28T18:51:44.2382991Z Unpacking libtbb-dev:amd64 (2021.11.0-2ubuntu2) ...
CT backend — 6 GoogleTests (ubuntu, no Qt)	Install TBB (for par_unseq on Linux)	2026-05-28T18:51:44.3117320Z Setting up libtbbmalloc2:amd64 (2021.11.0-2ubuntu2) ...
CT backend — 6 GoogleTests (ubuntu, no Qt)	Install TBB (for par_unseq on Linux)	2026-05-28T18:51:44.3148805Z Setting up libxnvctrl0:amd64 (510.47.03-0ubuntu4.24.04.1) ...
CT backend — 6 GoogleTests (ubuntu, no Qt)	Install TBB (for par_unseq on Linux)	2026-05-28T18:51:44.3177541Z Setting up libhwloc15:amd64 (2.10.0-1build1) ...
CT backend — 6 GoogleTests (ubuntu, no Qt)	Install TBB (for par_unseq on Linux)	2026-05-28T18:51:44.3206617Z Setting up ocl-icd-libopencl1:amd64 (2.3.2-1build1) ...
CT backend — 6 GoogleTests (ubuntu, no Qt)	Install TBB (for par_unseq on Linux)	2026-05-28T18:51:44.3234021Z Setting up libhwloc-plugins:amd64 (2.10.0-1build1) ...
CT backend — 6 GoogleTests (ubuntu, no Qt)	Install TBB (for par_unseq on Linux)	2026-05-28T18:51:44.3263471Z Setting up libtbbbind-2-5:amd64 (2021.11.0-2ubuntu2) ...
CT backend — 6 GoogleTests (ubuntu, no Qt)	Install TBB (for par_unseq on Linux)	2026-05-28T18:51:44.3290506Z Setting up libtbb12:amd64 (2021.11.0-2ubuntu2) ...
CT backend — 6 GoogleTests (ubuntu, no Qt)	Install TBB (for par_unseq on Linux)	2026-05-28T18:51:44.3317667Z Setting up libtbb-dev:amd64 (2021.11.0-2ubuntu2) ...
CT backend — 6 GoogleTests (ubuntu, no Qt)	Install TBB (for par_unseq on Linux)	2026-05-28T18:51:44.3354478Z Processing triggers for man-db (2.12.0-4build2) ...
CT backend — 6 GoogleTests (ubuntu, no Qt)	Install TBB (for par_unseq on Linux)	2026-05-28T18:51:44.3389620Z Not building database; man-db/auto-update is not 'true'.
CT backend — 6 GoogleTests (ubuntu, no Qt)	Install TBB (for par_unseq on Linux)	2026-05-28T18:51:44.3409324Z Processing triggers for libc-bin (2.39-0ubuntu8.7) ...
CT backend — 6 GoogleTests (ubuntu, no Qt)	Install TBB (for par_unseq on Linux)	2026-05-28T18:51:45.0509673Z 
CT backend — 6 GoogleTests (ubuntu, no Qt)	Install TBB (for par_unseq on Linux)	2026-05-28T18:51:45.0510494Z Running kernel seems to be up-to-date.
CT backend — 6 GoogleTests (ubuntu, no Qt)	Install TBB (for par_unseq on Linux)	2026-05-28T18:51:45.0510872Z 
CT backend — 6 GoogleTests (ubuntu, no Qt)	Install TBB (for par_unseq on Linux)	2026-05-28T18:51:45.0511018Z No services need to be restarted.
CT backend — 6 GoogleTests (ubuntu, no Qt)	Install TBB (for par_unseq on Linux)	2026-05-28T18:51:45.0511311Z 
CT backend — 6 GoogleTests (ubuntu, no Qt)	Install TBB (for par_unseq on Linux)	2026-05-28T18:51:45.0511450Z No containers need to be restarted.
CT backend — 6 GoogleTests (ubuntu, no Qt)	Install TBB (for par_unseq on Linux)	2026-05-28T18:51:45.0511700Z 
CT backend — 6 GoogleTests (ubuntu, no Qt)	Install TBB (for par_unseq on Linux)	2026-05-28T18:51:45.0512069Z No user sessions are running outdated binaries.
CT backend — 6 GoogleTests (ubuntu, no Qt)	Install TBB (for par_unseq on Linux)	2026-05-28T18:51:45.0512376Z 
CT backend — 6 GoogleTests (ubuntu, no Qt)	Install TBB (for par_unseq on Linux)	2026-05-28T18:51:45.0512674Z No VM guests are running outdated hypervisor (qemu) binaries on this host.
CT backend — 6 GoogleTests (ubuntu, no Qt)	Configure	﻿2026-05-28T18:51:46.2009134Z ##[group]Run cmake -B build -DCMAKE_BUILD_TYPE=Release -DCMAKE_POLICY_DEFAULT_CMP0135=NEW -DCMAKE_EXPORT_COMPILE_COMMANDS=ON
CT backend — 6 GoogleTests (ubuntu, no Qt)	Configure	2026-05-28T18:51:46.2010050Z ^[[36;1mcmake -B build -DCMAKE_BUILD_TYPE=Release -DCMAKE_POLICY_DEFAULT_CMP0135=NEW -DCMAKE_EXPORT_COMPILE_COMMANDS=ON^[[0m
CT backend — 6 GoogleTests (ubuntu, no Qt)	Configure	2026-05-28T18:51:46.2037931Z shell: /usr/bin/bash -e {0}
CT backend — 6 GoogleTests (ubuntu, no Qt)	Configure	2026-05-28T18:51:46.2038200Z ##[endgroup]
CT backend — 6 GoogleTests (ubuntu, no Qt)	Configure	2026-05-28T18:51:48.9044486Z -- The C compiler identification is GNU 13.3.0
CT backend — 6 GoogleTests (ubuntu, no Qt)	Configure	2026-05-28T18:51:49.1998031Z -- The CXX compiler identification is GNU 13.3.0
CT backend — 6 GoogleTests (ubuntu, no Qt)	Configure	2026-05-28T18:51:49.5642399Z -- Detecting C compiler ABI info
CT backend — 6 GoogleTests (ubuntu, no Qt)	Configure	2026-05-28T18:51:50.1492598Z -- Detecting C compiler ABI info - done
CT backend — 6 GoogleTests (ubuntu, no Qt)	Configure	2026-05-28T18:51:50.1674149Z -- Check for working C compiler: /usr/bin/cc - skipped
CT backend — 6 GoogleTests (ubuntu, no Qt)	Configure	2026-05-28T18:51:50.1834901Z -- Detecting C compile features
CT backend — 6 GoogleTests (ubuntu, no Qt)	Configure	2026-05-28T18:51:50.1843523Z -- Detecting C compile features - done
CT backend — 6 GoogleTests (ubuntu, no Qt)	Configure	2026-05-28T18:51:50.2459679Z -- Detecting CXX compiler ABI info
CT backend — 6 GoogleTests (ubuntu, no Qt)	Configure	2026-05-28T18:51:50.3678172Z -- Detecting CXX compiler ABI info - done
CT backend — 6 GoogleTests (ubuntu, no Qt)	Configure	2026-05-28T18:51:50.3864711Z -- Check for working CXX compiler: /usr/bin/c++ - skipped
CT backend — 6 GoogleTests (ubuntu, no Qt)	Configure	2026-05-28T18:51:50.3868224Z -- Detecting CXX compile features
CT backend — 6 GoogleTests (ubuntu, no Qt)	Configure	2026-05-28T18:51:50.3875111Z -- Detecting CXX compile features - done
CT backend — 6 GoogleTests (ubuntu, no Qt)	Configure	2026-05-28T18:51:50.4907218Z -- Performing Test CMAKE_HAVE_LIBC_PTHREAD
CT backend — 6 GoogleTests (ubuntu, no Qt)	Configure	2026-05-28T18:51:50.5741860Z -- Performing Test CMAKE_HAVE_LIBC_PTHREAD - Success
CT backend — 6 GoogleTests (ubuntu, no Qt)	Configure	2026-05-28T18:51:50.6117673Z -- Found Threads: TRUE
CT backend — 6 GoogleTests (ubuntu, no Qt)	Configure	2026-05-28T18:51:52.2250569Z -- Found Python3: /usr/bin/python3.12 (found version "3.12.3") found components: Interpreter
CT backend — 6 GoogleTests (ubuntu, no Qt)	Configure	2026-05-28T18:51:52.3420690Z CMake Error at CMakeLists.txt:121 (find_package):
CT backend — 6 GoogleTests (ubuntu, no Qt)	Configure	2026-05-28T18:51:52.3421688Z   By not providing "FindQt6.cmake" in CMAKE_MODULE_PATH this project has
CT backend — 6 GoogleTests (ubuntu, no Qt)	Configure	2026-05-28T18:51:52.3423185Z   asked CMake to find a package configuration file provided by "Qt6", but
CT backend — 6 GoogleTests (ubuntu, no Qt)	Configure	2026-05-28T18:51:52.3424190Z   CMake did not find one.
CT backend — 6 GoogleTests (ubuntu, no Qt)	Configure	2026-05-28T18:51:52.3424517Z 
CT backend — 6 GoogleTests (ubuntu, no Qt)	Configure	2026-05-28T18:51:52.3489457Z   Could not find a package configuration file provided by "Qt6" with any of
CT backend — 6 GoogleTests (ubuntu, no Qt)	Configure	2026-05-28T18:51:52.3490290Z   the following names:
CT backend — 6 GoogleTests (ubuntu, no Qt)	Configure	2026-05-28T18:51:52.3490525Z 
CT backend — 6 GoogleTests (ubuntu, no Qt)	Configure	2026-05-28T18:51:52.3490668Z     Qt6Config.cmake
CT backend — 6 GoogleTests (ubuntu, no Qt)	Configure	2026-05-28T18:51:52.3491095Z     qt6-config.cmake
CT backend — 6 GoogleTests (ubuntu, no Qt)	Configure	2026-05-28T18:51:52.3491350Z 
CT backend — 6 GoogleTests (ubuntu, no Qt)	Configure	2026-05-28T18:51:52.3491763Z   Add the installation prefix of "Qt6" to CMAKE_PREFIX_PATH or set "Qt6_DIR"
CT backend — 6 GoogleTests (ubuntu, no Qt)	Configure	2026-05-28T18:51:52.3493030Z   to a directory containing one of the above files.  If "Qt6" provides a
CT backend — 6 GoogleTests (ubuntu, no Qt)	Configure	2026-05-28T18:51:52.3493842Z   separate development package or SDK, be sure it has been installed.
CT backend — 6 GoogleTests (ubuntu, no Qt)	Configure	2026-05-28T18:51:52.3494325Z 
CT backend — 6 GoogleTests (ubuntu, no Qt)	Configure	2026-05-28T18:51:52.3494335Z 
CT backend — 6 GoogleTests (ubuntu, no Qt)	Configure	2026-05-28T18:51:52.3494591Z -- Configuring incomplete, errors occurred!
CT backend — 6 GoogleTests (ubuntu, no Qt)	Configure	2026-05-28T18:51:52.3517652Z ##[error]Process completed with exit code 1.
CT backend — 6 GoogleTests (ubuntu, no Qt)	Post Run actions/checkout@v4	﻿2026-05-28T18:51:52.3635358Z Post job cleanup.
CT backend — 6 GoogleTests (ubuntu, no Qt)	Post Run actions/checkout@v4	2026-05-28T18:51:52.4653026Z [command]/usr/bin/git version
CT backend — 6 GoogleTests (ubuntu, no Qt)	Post Run actions/checkout@v4	2026-05-28T18:51:52.4692594Z git version 2.54.0
CT backend — 6 GoogleTests (ubuntu, no Qt)	Post Run actions/checkout@v4	2026-05-28T18:51:52.4739271Z Temporarily overriding HOME='/home/runner/work/_temp/59e13c85-e0f3-49c8-9e62-2c5e59017241' before making global git config changes
CT backend — 6 GoogleTests (ubuntu, no Qt)	Post Run actions/checkout@v4	2026-05-28T18:51:52.4741110Z Adding repository directory to the temporary git global config as a safe directory
CT backend — 6 GoogleTests (ubuntu, no Qt)	Post Run actions/checkout@v4	2026-05-28T18:51:52.4754867Z [command]/usr/bin/git config --global --add safe.directory /home/runner/work/cross_platform_signal/cross_platform_signal
CT backend — 6 GoogleTests (ubuntu, no Qt)	Post Run actions/checkout@v4	2026-05-28T18:51:52.4795037Z [command]/usr/bin/git config --local --name-only --get-regexp core\.sshCommand
CT backend — 6 GoogleTests (ubuntu, no Qt)	Post Run actions/checkout@v4	2026-05-28T18:51:52.4829317Z [command]/usr/bin/git submodule foreach --recursive sh -c "git config --local --name-only --get-regexp 'core\.sshCommand' && git config --local --unset-all 'core.sshCommand' || :"
CT backend — 6 GoogleTests (ubuntu, no Qt)	Post Run actions/checkout@v4	2026-05-28T18:51:52.5061620Z [command]/usr/bin/git config --local --name-only --get-regexp http\.https\:\/\/github\.com\/\.extraheader
CT backend — 6 GoogleTests (ubuntu, no Qt)	Post Run actions/checkout@v4	2026-05-28T18:51:52.5088210Z http.https://github.com/.extraheader
CT backend — 6 GoogleTests (ubuntu, no Qt)	Post Run actions/checkout@v4	2026-05-28T18:51:52.5100943Z [command]/usr/bin/git config --local --unset-all http.https://github.com/.extraheader
CT backend — 6 GoogleTests (ubuntu, no Qt)	Post Run actions/checkout@v4	2026-05-28T18:51:52.5134376Z [command]/usr/bin/git submodule foreach --recursive sh -c "git config --local --name-only --get-regexp 'http\.https\:\/\/github\.com\/\.extraheader' && git config --local --unset-all 'http.https://github.com/.extraheader' || :"
CT backend — 6 GoogleTests (ubuntu, no Qt)	Post Run actions/checkout@v4	2026-05-28T18:51:52.5364749Z [command]/usr/bin/git config --local --name-only --get-regexp ^includeIf\.gitdir:
CT backend — 6 GoogleTests (ubuntu, no Qt)	Post Run actions/checkout@v4	2026-05-28T18:51:52.5397381Z [command]/usr/bin/git submodule foreach --recursive git config --local --show-origin --name-only --get-regexp remote.origin.url
CT backend — 6 GoogleTests (ubuntu, no Qt)	Complete job	﻿2026-05-28T18:51:52.5748971Z Cleaning up orphan processes
CT backend — 6 GoogleTests (ubuntu, no Qt)	Complete job	2026-05-28T18:51:52.6081413Z ##[warning]Node.js 20 actions are deprecated. The following actions are running on Node.js 20 and may not work as expected: actions/checkout@v4. Actions will be forced to run with Node.js 24 by default starting June 2nd, 2026. Node.js 20 will be removed from the runner on September 16th, 2026. Please check if updated versions of these actions are available that support Node.js 24. To opt into Node.js 24 now, set the FORCE_JAVASCRIPT_ACTIONS_TO_NODE24=true environment variable on the runner or in your workflow file. Once Node.js 24 becomes the default, you can temporarily opt out by setting ACTIONS_ALLOW_USE_UNSECURE_NODE_VERSION=true. For more information see: https://github.blog/changelog/2025-09-19-deprecation-of-node-20-on-github-actions-runners/
cpp-build-test (windows-latest)	Set up job	﻿2026-05-28T18:51:35.1851110Z Current runner version: '2.334.0'
cpp-build-test (windows-latest)	Set up job	2026-05-28T18:51:35.2203861Z ##[group]Runner Image Provisioner
cpp-build-test (windows-latest)	Set up job	2026-05-28T18:51:35.2205044Z Hosted Compute Agent
cpp-build-test (windows-latest)	Set up job	2026-05-28T18:51:35.2205635Z Version: 20260520.533
cpp-build-test (windows-latest)	Set up job	2026-05-28T18:51:35.2206213Z Commit: 189110e25284a9812c124fd27b339e2fb4f2f9db
cpp-build-test (windows-latest)	Set up job	2026-05-28T18:51:35.2206878Z Build Date: 2026-05-20T17:44:04Z
cpp-build-test (windows-latest)	Set up job	2026-05-28T18:51:35.2207539Z Worker ID: {a1fbaabc-8804-4ced-9730-aa988c831521}
cpp-build-test (windows-latest)	Set up job	2026-05-28T18:51:35.2208215Z Azure Region: eastus2
cpp-build-test (windows-latest)	Set up job	2026-05-28T18:51:35.2208712Z ##[endgroup]
cpp-build-test (windows-latest)	Set up job	2026-05-28T18:51:35.2210061Z ##[group]Operating System
cpp-build-test (windows-latest)	Set up job	2026-05-28T18:51:35.2210639Z Microsoft Windows Server 2025
cpp-build-test (windows-latest)	Set up job	2026-05-28T18:51:35.2211179Z 10.0.26100
cpp-build-test (windows-latest)	Set up job	2026-05-28T18:51:35.2211722Z Datacenter
cpp-build-test (windows-latest)	Set up job	2026-05-28T18:51:35.2212173Z ##[endgroup]
cpp-build-test (windows-latest)	Set up job	2026-05-28T18:51:35.2212645Z ##[group]Runner Image
cpp-build-test (windows-latest)	Set up job	2026-05-28T18:51:35.2213170Z Image: windows-2025
cpp-build-test (windows-latest)	Set up job	2026-05-28T18:51:35.2213693Z Version: 20260525.149.1
cpp-build-test (windows-latest)	Set up job	2026-05-28T18:51:35.2214724Z Included Software: https://github.com/actions/runner-images/blob/win25/20260525.149/images/windows/Windows2025-Readme.md
cpp-build-test (windows-latest)	Set up job	2026-05-28T18:51:35.2216555Z Image Release: https://github.com/actions/runner-images/releases/tag/win25%2F20260525.149
cpp-build-test (windows-latest)	Set up job	2026-05-28T18:51:35.2217443Z ##[endgroup]
cpp-build-test (windows-latest)	Set up job	2026-05-28T18:51:35.2218578Z ##[group]GITHUB_TOKEN Permissions
cpp-build-test (windows-latest)	Set up job	2026-05-28T18:51:35.2220634Z Contents: read
cpp-build-test (windows-latest)	Set up job	2026-05-28T18:51:35.2221176Z Metadata: read
cpp-build-test (windows-latest)	Set up job	2026-05-28T18:51:35.2221687Z Packages: read
cpp-build-test (windows-latest)	Set up job	2026-05-28T18:51:35.2222203Z ##[endgroup]
cpp-build-test (windows-latest)	Set up job	2026-05-28T18:51:35.2224230Z Secret source: Actions
cpp-build-test (windows-latest)	Set up job	2026-05-28T18:51:35.2225526Z Prepare workflow directory
cpp-build-test (windows-latest)	Set up job	2026-05-28T18:51:35.2569284Z Prepare all required actions
cpp-build-test (windows-latest)	Set up job	2026-05-28T18:51:35.2622508Z Getting action download info
cpp-build-test (windows-latest)	Set up job	2026-05-28T18:51:35.4559097Z Download action repository 'actions/checkout@v4' (SHA:34e114876b0b11c390a56381ad16ebd13914f8d5)
cpp-build-test (windows-latest)	Set up job	2026-05-28T18:51:35.9404657Z Complete job name: cpp-build-test (windows-latest)
cpp-build-test (windows-latest)	Run actions/checkout@v4	﻿2026-05-28T18:51:36.3703804Z ##[group]Run actions/checkout@v4
cpp-build-test (windows-latest)	Run actions/checkout@v4	2026-05-28T18:51:36.3706774Z with:
cpp-build-test (windows-latest)	Run actions/checkout@v4	2026-05-28T18:51:36.3707871Z   repository: kangkabseok2021/cross_platform_signal
cpp-build-test (windows-latest)	Run actions/checkout@v4	2026-05-28T18:51:36.3715687Z   token: ***
cpp-build-test (windows-latest)	Run actions/checkout@v4	2026-05-28T18:51:36.3716240Z   ssh-strict: true
cpp-build-test (windows-latest)	Run actions/checkout@v4	2026-05-28T18:51:36.3716717Z   ssh-user: git
cpp-build-test (windows-latest)	Run actions/checkout@v4	2026-05-28T18:51:36.3717264Z   persist-credentials: true
cpp-build-test (windows-latest)	Run actions/checkout@v4	2026-05-28T18:51:36.3717814Z   clean: true
cpp-build-test (windows-latest)	Run actions/checkout@v4	2026-05-28T18:51:36.3718298Z   sparse-checkout-cone-mode: true
cpp-build-test (windows-latest)	Run actions/checkout@v4	2026-05-28T18:51:36.3718854Z   fetch-depth: 1
cpp-build-test (windows-latest)	Run actions/checkout@v4	2026-05-28T18:51:36.3719314Z   fetch-tags: false
cpp-build-test (windows-latest)	Run actions/checkout@v4	2026-05-28T18:51:36.3719783Z   show-progress: true
cpp-build-test (windows-latest)	Run actions/checkout@v4	2026-05-28T18:51:36.3720284Z   lfs: false
cpp-build-test (windows-latest)	Run actions/checkout@v4	2026-05-28T18:51:36.3720735Z   submodules: false
cpp-build-test (windows-latest)	Run actions/checkout@v4	2026-05-28T18:51:36.3721232Z   set-safe-directory: true
cpp-build-test (windows-latest)	Run actions/checkout@v4	2026-05-28T18:51:36.3722060Z ##[endgroup]
cpp-build-test (windows-latest)	Run actions/checkout@v4	2026-05-28T18:51:36.6841430Z Syncing repository: kangkabseok2021/cross_platform_signal
cpp-build-test (windows-latest)	Run actions/checkout@v4	2026-05-28T18:51:36.6844231Z ##[group]Getting Git version info
cpp-build-test (windows-latest)	Run actions/checkout@v4	2026-05-28T18:51:36.6845075Z Working directory is 'D:\a\cross_platform_signal\cross_platform_signal'
cpp-build-test (windows-latest)	Run actions/checkout@v4	2026-05-28T18:51:36.7503651Z [command]"C:\Program Files\Git\bin\git.exe" version
cpp-build-test (windows-latest)	Run actions/checkout@v4	2026-05-28T18:51:39.3339442Z git version 2.54.0.windows.1
cpp-build-test (windows-latest)	Run actions/checkout@v4	2026-05-28T18:51:39.3388908Z ##[endgroup]
cpp-build-test (windows-latest)	Run actions/checkout@v4	2026-05-28T18:51:39.3409489Z Temporarily overriding HOME='D:\a\_temp\a8cad6fb-3b4c-479e-a00f-77151ad09e5f' before making global git config changes
cpp-build-test (windows-latest)	Run actions/checkout@v4	2026-05-28T18:51:39.3420804Z Adding repository directory to the temporary git global config as a safe directory
cpp-build-test (windows-latest)	Run actions/checkout@v4	2026-05-28T18:51:39.3422710Z [command]"C:\Program Files\Git\bin\git.exe" config --global --add safe.directory D:\a\cross_platform_signal\cross_platform_signal
cpp-build-test (windows-latest)	Run actions/checkout@v4	2026-05-28T18:51:39.7279569Z Deleting the contents of 'D:\a\cross_platform_signal\cross_platform_signal'
cpp-build-test (windows-latest)	Run actions/checkout@v4	2026-05-28T18:51:39.7286815Z ##[group]Initializing the repository
cpp-build-test (windows-latest)	Run actions/checkout@v4	2026-05-28T18:51:39.7298002Z [command]"C:\Program Files\Git\bin\git.exe" init D:\a\cross_platform_signal\cross_platform_signal
cpp-build-test (windows-latest)	Run actions/checkout@v4	2026-05-28T18:51:40.3653945Z Initialized empty Git repository in D:/a/cross_platform_signal/cross_platform_signal/.git/
cpp-build-test (windows-latest)	Run actions/checkout@v4	2026-05-28T18:51:40.3717917Z [command]"C:\Program Files\Git\bin\git.exe" remote add origin https://github.com/kangkabseok2021/cross_platform_signal
cpp-build-test (windows-latest)	Run actions/checkout@v4	2026-05-28T18:51:40.6117139Z ##[error]The operation was canceled.
cpp-build-test (windows-latest)	Post Run actions/checkout@v4	﻿2026-05-28T18:51:42.4289549Z Post job cleanup.
cpp-build-test (windows-latest)	Post Run actions/checkout@v4	2026-05-28T18:51:43.0671069Z [command]"C:\Program Files\Git\bin\git.exe" version
cpp-build-test (windows-latest)	Post Run actions/checkout@v4	2026-05-28T18:51:43.0958166Z git version 2.54.0.windows.1
cpp-build-test (windows-latest)	Post Run actions/checkout@v4	2026-05-28T18:51:43.1034566Z Temporarily overriding HOME='D:\a\_temp\6f988b6e-238a-4783-ac7d-8dba79d8c071' before making global git config changes
cpp-build-test (windows-latest)	Post Run actions/checkout@v4	2026-05-28T18:51:43.1035847Z Adding repository directory to the temporary git global config as a safe directory
cpp-build-test (windows-latest)	Post Run actions/checkout@v4	2026-05-28T18:51:43.1047919Z [command]"C:\Program Files\Git\bin\git.exe" config --global --add safe.directory D:\a\cross_platform_signal\cross_platform_signal
cpp-build-test (windows-latest)	Post Run actions/checkout@v4	2026-05-28T18:51:43.1394477Z [command]"C:\Program Files\Git\bin\git.exe" config --local --name-only --get-regexp core\.sshCommand
cpp-build-test (windows-latest)	Post Run actions/checkout@v4	2026-05-28T18:51:43.2222922Z [command]"C:\Program Files\Git\bin\git.exe" submodule foreach --recursive "sh -c \"git config --local --name-only --get-regexp 'core\.sshCommand' && git config --local --unset-all 'core.sshCommand' || :\""
cpp-build-test (windows-latest)	Post Run actions/checkout@v4	2026-05-28T18:51:51.9763215Z [command]"C:\Program Files\Git\bin\git.exe" config --local --name-only --get-regexp http\.https\:\/\/github\.com\/\.extraheader
cpp-build-test (windows-latest)	Post Run actions/checkout@v4	2026-05-28T18:51:52.0093299Z [command]"C:\Program Files\Git\bin\git.exe" submodule foreach --recursive "sh -c \"git config --local --name-only --get-regexp 'http\.https\:\/\/github\.com\/\.extraheader' && git config --local --unset-all 'http.https://github.com/.extraheader' || :\""
cpp-build-test (windows-latest)	Post Run actions/checkout@v4	2026-05-28T18:51:52.5629122Z [command]"C:\Program Files\Git\bin\git.exe" config --local --name-only --get-regexp ^includeIf\.gitdir:
cpp-build-test (windows-latest)	Post Run actions/checkout@v4	2026-05-28T18:51:52.5956491Z [command]"C:\Program Files\Git\bin\git.exe" submodule foreach --recursive "git config --local --show-origin --name-only --get-regexp remote.origin.url"
cpp-build-test (windows-latest)	Complete job	﻿2026-05-28T18:51:53.2409838Z Cleaning up orphan processes
cpp-build-test (windows-latest)	Complete job	2026-05-28T18:51:53.2514327Z ##[warning]Node.js 20 actions are deprecated. The following actions are running on Node.js 20 and may not work as expected: actions/checkout@v4. Actions will be forced to run with Node.js 24 by default starting June 2nd, 2026. Node.js 20 will be removed from the runner on September 16th, 2026. Please check if updated versions of these actions are available that support Node.js 24. To opt into Node.js 24 now, set the FORCE_JAVASCRIPT_ACTIONS_TO_NODE24=true environment variable on the runner or in your workflow file. Once Node.js 24 becomes the default, you can temporarily opt out by setting ACTIONS_ALLOW_USE_UNSECURE_NODE_VERSION=true. For more information see: https://github.blog/changelog/2025-09-19-deprecation-of-node-20-on-github-actions-runners/
